[ENV-OK] libmpi=/vol8/appsoftware/mpi-x/lib/libmpi.so.12
[ENV-OK] libpmix=/usr/lib/libpmix.so.2
============================================================
Strong scaling (强扩展) run: strong_scaling_full_io_l2_r2_20260811-160928
Processes: 2; repeats: 3
Result directory: /vol8/home/hnu_lhz/cjz/NETGEN/test_code_expansion/strong_scaling_results/strong_scaling_full_io_l2_r2_20260811-160928
Environment: /vol8/home/hnu_lhz/cjz/NETGEN/test_code_expansion/strong_scaling_results/strong_scaling_full_io_l2_r2_20260811-160928/environment/job_5932600_20260811-160930_146634.txt
============================================================
[RUN] processes=2 nodes=2 repeat=1/3
========参数========
使用核数 : 2
输出文件目录 : /vol8/home/hnu_lhz/cjz/NETGEN/test_code_expansion/strong_scaling_results/strong_scaling_full_io_l2_r2_20260811-160928/application_output/p00002/repeat_01/
输入文件目录 : /vol8/home/hnu_lhz/cjz/NETGEN/test_code_expansion/inputData/wholewall3solid.STEP
细化等级 : 2
细化次数 : 2
网格最大值:1000
网格最小值:0
强扩展分析 : 开启
分析结果目录 : /vol8/home/hnu_lhz/cjz/NETGEN/test_code_expansion/strong_scaling_results
实验名称 : strong_scaling_full_io_l2_r2_20260811-160928
重复编号 : 1
仅核心算法 : 否
硬件缓存计数 : 关闭
Successfully loaded STEP File: /vol8/home/hnu_lhz/cjz/NETGEN/test_code_expansion/inputData/wholewall3solid.STEP
Setting Local Mesh size.....
OCC Mesh Pointer before call = 0x3da23c50
Local Mesh size successfully set.....
OCC Mesh Pointer after call = 0x3da23c50
Creating Edge Mesh.....
Edge Mesh successfully created.....
Number of points = 3031
Creating Surface Mesh.....
Surface Mesh successfully created.....
Number of points = 6347
Number of surface elements = 12694
Creating Volume Mesh.....
Volume Mesh successfully created.....
Number of points = 8067
Number of volume elements = 26411
Generate Coarse Mesh Done...
id0 sum runtime is :0s
meshing done 
start com_barycoords, id: 0
start com_baryVolumeElements, id: 0
createElmerOutput, id: 0
successful!!!
[PROFILE] results written to /vol8/home/hnu_lhz/cjz/NETGEN/test_code_expansion/strong_scaling_results/strong_scaling_full_io_l2_r2_20260811-160928/p00002/repeat_01_20260811-162606
start com_barycoords, id: 1
start com_baryVolumeElements, id: 1
createElmerOutput, id: 1
[RUN] processes=2 nodes=2 repeat=2/3
========参数========
使用核数 : 2
输出文件目录 : /vol8/home/hnu_lhz/cjz/NETGEN/test_code_expansion/strong_scaling_results/strong_scaling_full_io_l2_r2_20260811-160928/application_output/p00002/repeat_02/
输入文件目录 : /vol8/home/hnu_lhz/cjz/NETGEN/test_code_expansion/inputData/wholewall3solid.STEP
细化等级 : 2
细化次数 : 2
网格最大值:1000
网格最小值:0
强扩展分析 : 开启
分析结果目录 : /vol8/home/hnu_lhz/cjz/NETGEN/test_code_expansion/strong_scaling_results
实验名称 : strong_scaling_full_io_l2_r2_20260811-160928
重复编号 : 2
仅核心算法 : 否
硬件缓存计数 : 关闭
Successfully loaded STEP File: /vol8/home/hnu_lhz/cjz/NETGEN/test_code_expansion/inputData/wholewall3solid.STEP
Setting Local Mesh size.....
OCC Mesh Pointer before call = 0x24eb8d80
Local Mesh size successfully set.....
OCC Mesh Pointer after call = 0x24eb8d80
Creating Edge Mesh.....
Edge Mesh successfully created.....
Number of points = 3031
Creating Surface Mesh.....
Surface Mesh successfully created.....
Number of points = 6347
Number of surface elements = 12694
Creating Volume Mesh.....
Volume Mesh successfully created.....
Number of points = 8067
Number of volume elements = 26411
Generate Coarse Mesh Done...
id0 sum runtime is :1s
meshing done 
start com_barycoords, id: 0
start com_baryVolumeElements, id: 0
createElmerOutput, id: 0
successful!!!
[PROFILE] results written to /vol8/home/hnu_lhz/cjz/NETGEN/test_code_expansion/strong_scaling_results/strong_scaling_full_io_l2_r2_20260811-160928/p00002/repeat_02_20260811-164245
start com_barycoords, id: 1
start com_baryVolumeElements, id: 1
createElmerOutput, id: 1
[RUN] processes=2 nodes=2 repeat=3/3
========参数========
使用核数 : 2
输出文件目录 : /vol8/home/hnu_lhz/cjz/NETGEN/test_code_expansion/strong_scaling_results/strong_scaling_full_io_l2_r2_20260811-160928/application_output/p00002/repeat_03/
输入文件目录 : /vol8/home/hnu_lhz/cjz/NETGEN/test_code_expansion/inputData/wholewall3solid.STEP
细化等级 : 2
细化次数 : 2
网格最大值:1000
网格最小值:0
强扩展分析 : 开启
分析结果目录 : /vol8/home/hnu_lhz/cjz/NETGEN/test_code_expansion/strong_scaling_results
实验名称 : strong_scaling_full_io_l2_r2_20260811-160928
重复编号 : 3
仅核心算法 : 否
硬件缓存计数 : 关闭
Successfully loaded STEP File: /vol8/home/hnu_lhz/cjz/NETGEN/test_code_expansion/inputData/wholewall3solid.STEP
Setting Local Mesh size.....
OCC Mesh Pointer before call = 0x3e783970
Local Mesh size successfully set.....
OCC Mesh Pointer after call = 0x3e783970
Creating Edge Mesh.....
Edge Mesh successfully created.....
Number of points = 3031
Creating Surface Mesh.....
Surface Mesh successfully created.....
Number of points = 6347
Number of surface elements = 12694
Creating Volume Mesh.....
Volume Mesh successfully created.....
Number of points = 8067
Number of volume elements = 26411
Generate Coarse Mesh Done...
id0 sum runtime is :0s
meshing done 
start com_barycoords, id: 0
start com_baryVolumeElements, id: 0
createElmerOutput, id: 0
successful!!!
[PROFILE] results written to /vol8/home/hnu_lhz/cjz/NETGEN/test_code_expansion/strong_scaling_results/strong_scaling_full_io_l2_r2_20260811-160928/p00002/repeat_03_20260811-165913
start com_barycoords, id: 1
start com_baryVolumeElements, id: 1
createElmerOutput, id: 1
[OK] 本作业运行完成；等待其他规模结束后统一分析: /vol8/home/hnu_lhz/cjz/NETGEN/test_code_expansion/strong_scaling_results/strong_scaling_full_io_l2_r2_20260811-160928
