[ENV-OK] libmpi=/vol8/appsoftware/mpi-x/lib/libmpi.so.12
[ENV-OK] libpmix=/usr/lib/libpmix.so.2
============================================================
Strong scaling (强扩展) run: strong_scaling_full_io_l2_r2_20260811-160928
Processes: 128; repeats: 3
Result directory: /vol8/home/hnu_lhz/cjz/NETGEN/test_code_expansion/strong_scaling_results/strong_scaling_full_io_l2_r2_20260811-160928
Environment: /vol8/home/hnu_lhz/cjz/NETGEN/test_code_expansion/strong_scaling_results/strong_scaling_full_io_l2_r2_20260811-160928/environment/job_5932606_20260811-161411_1531360.txt
============================================================
[RUN] processes=128 nodes=128 repeat=1/3
========参数========
使用核数 : 128
输出文件目录 : /vol8/home/hnu_lhz/cjz/NETGEN/test_code_expansion/strong_scaling_results/strong_scaling_full_io_l2_r2_20260811-160928/application_output/p00128/repeat_01/
输入文件目录 : /vol8/home/hnu_lhz/cjz/NETGEN/test_code_expansion/inputData/wholewall3solid.STEP
细化等级 : 2
细化次数 : 2
网格最大值:1000
网格最小值:0
强扩展分析 : 开启
分析结果目录 : /vol8/home/hnu_lhz/cjz/NETGEN/test_code_expansion/strong_scaling_results
实验名称 : strong_scaling_full_io_l2_r2_20260811-160928
重复编号 : 1
仅核心算法 : 否
硬件缓存计数 : 关闭
Successfully loaded STEP File: /vol8/home/hnu_lhz/cjz/NETGEN/test_code_expansion/inputData/wholewall3solid.STEP
Setting Local Mesh size.....
OCC Mesh Pointer before call = 0x3c6bb110
Local Mesh size successfully set.....
OCC Mesh Pointer after call = 0x3c6bb110
Creating Edge Mesh.....
Edge Mesh successfully created.....
Number of points = 3031
Creating Surface Mesh.....
Surface Mesh successfully created.....
Number of points = 6347
Number of surface elements = 12694
Creating Volume Mesh.....
Volume Mesh successfully created.....
Number of points = 8067
Number of volume elements = 26411
Generate Coarse Mesh Done...
id0 sum runtime is :0s
start com_barycoords, id: 117
[cn5105:1906195:0:1906195] Caught signal 11 (Segmentation fault: address not mapped to object at address 0x1bac8f64f8)
==== backtrace (tid:1906195) ====
 0  /usr/local/ucx/lib/libucs.so.0(ucs_handle_error+0x2d4) [0x40003a46c79c]
 1  /usr/local/ucx/lib/libucs.so.0(+0x2a92c) [0x40003a46c92c]
 2  /usr/local/ucx/lib/libucs.so.0(+0x2acd4) [0x40003a46ccd4]
 3  linux-vdso.so.1(__kernel_rt_sigreturn+0) [0x4000337185b8]
 4  /vol8/home/hnu_lhz/cjz/NETGEN/install/lib/libnglib.so(_ZN5nglib10ispatboundEPPvi+0x24) [0x400033b05fd4]
 5  /vol8/home/hnu_lhz/cjz/NETGEN/test_code_expansion/build/mesh_occ_mpi/mesh_occ_mpi(main+0x377c) [0x4129ac]
 6  /usr/lib/aarch64-linux-gnu/libc.so.6(__libc_start_main+0xe8) [0x400039d0ee10]
 7  /vol8/home/hnu_lhz/cjz/NETGEN/test_code_expansion/build/mesh_occ_mpi/mesh_occ_mpi() [0x4139d4]
=================================
yhrun: error: cn5105: task 117: Segmentation fault
start com_barycoords, id: 116
[cn5104:1516558:0:1516558] Caught signal 11 (Segmentation fault: address not mapped to object at address 0xc3b3e9758)
==== backtrace (tid:1516558) ====
 0  /usr/local/ucx/lib/libucs.so.0(ucs_handle_error+0x2d4) [0x400008faf79c]
 1  /usr/local/ucx/lib/libucs.so.0(+0x2a92c) [0x400008faf92c]
 2  /usr/local/ucx/lib/libucs.so.0(+0x2acd4) [0x400008fafcd4]
 3  linux-vdso.so.1(__kernel_rt_sigreturn+0) [0x40000225b5b8]
 4  /vol8/home/hnu_lhz/cjz/NETGEN/install/lib/libnglib.so(_ZN5nglib10ispatboundEPPvi+0x24) [0x400002648fd4]
 5  /vol8/home/hnu_lhz/cjz/NETGEN/test_code_expansion/build/mesh_occ_mpi/mesh_occ_mpi(main+0x377c) [0x4129ac]
 6  /usr/lib/aarch64-linux-gnu/libc.so.6(__libc_start_main+0xe8) [0x400008851e10]
 7  /vol8/home/hnu_lhz/cjz/NETGEN/test_code_expansion/build/mesh_occ_mpi/mesh_occ_mpi() [0x4139d4]
=================================
start com_barycoords, id: 32
[cn5020:1423742:0:1423742] Caught signal 11 (Segmentation fault: address not mapped to object at address 0x93edb20c8)
==== backtrace (tid:1423742) ====
 0  /usr/local/ucx/lib/libucs.so.0(ucs_handle_error+0x2d4) [0x40001447979c]
 1  /usr/local/ucx/lib/libucs.so.0(+0x2a92c) [0x40001447992c]
 2  /usr/local/ucx/lib/libucs.so.0(+0x2acd4) [0x400014479cd4]
 3  linux-vdso.so.1(__kernel_rt_sigreturn+0) [0x40000d7255b8]
 4  /vol8/home/hnu_lhz/cjz/NETGEN/install/lib/libnglib.so(_ZN5nglib10ispatboundEPPvi+0x24) [0x40000db12fd4]
 5  /vol8/home/hnu_lhz/cjz/NETGEN/test_code_expansion/build/mesh_occ_mpi/mesh_occ_mpi(main+0x377c) [0x4129ac]
 6  /usr/lib/aarch64-linux-gnu/libc.so.6(__libc_start_main+0xe8) [0x400013d1be10]
 7  /vol8/home/hnu_lhz/cjz/NETGEN/test_code_expansion/build/mesh_occ_mpi/mesh_occ_mpi() [0x4139d4]
=================================
slurmstepd: error: *** STEP 5932606.0 ON cn4988 CANCELLED AT 2026-08-11T16:14:58 ***
yhrun: Job step aborted: Waiting up to 302 seconds for job step to finish.
yhrun: error: cn5100: task 112: Killed
