[ENV-OK] libmpi=/vol8/appsoftware/mpi-x/lib/libmpi.so.12
[ENV-OK] libpmix=/usr/lib/libpmix.so.2
============================================================
Strong scaling (强扩展) run: strong_scaling_full_io_l2_r2_20260811-160928
Processes: 512; repeats: 3
Result directory: /vol8/home/hnu_lhz/cjz/NETGEN/test_code_expansion/strong_scaling_results/strong_scaling_full_io_l2_r2_20260811-160928
Environment: /vol8/home/hnu_lhz/cjz/NETGEN/test_code_expansion/strong_scaling_results/strong_scaling_full_io_l2_r2_20260811-160928/environment/job_5932608_20260811-194802_1101812.txt
============================================================
[RUN] processes=512 nodes=512 repeat=1/3
========参数========
使用核数 : 512
输出文件目录 : /vol8/home/hnu_lhz/cjz/NETGEN/test_code_expansion/strong_scaling_results/strong_scaling_full_io_l2_r2_20260811-160928/application_output/p00512/repeat_01/
输入文件目录 : /vol8/home/hnu_lhz/cjz/NETGEN/test_code_expansion/inputData/wholewall3solid.STEP
细化等级 : 2
细化次数 : 2
网格最大值:1000
网格最小值:0
强扩展分析 : 开启
分析结果目录 : /vol8/home/hnu_lhz/cjz/NETGEN/test_code_expansion/strong_scaling_results
实验名称 : strong_scaling_full_io_l2_r2_20260811-160928
重复编号 : 1
仅核心算法 : 否
硬件缓存计数 : 关闭
Successfully loaded STEP File: /vol8/home/hnu_lhz/cjz/NETGEN/test_code_expansion/inputData/wholewall3solid.STEP
Setting Local Mesh size.....
OCC Mesh Pointer before call = 0x28618540
Local Mesh size successfully set.....
OCC Mesh Pointer after call = 0x28618540
Creating Edge Mesh.....
Edge Mesh successfully created.....
Number of points = 3031
Creating Surface Mesh.....
Surface Mesh successfully created.....
Number of points = 6347
Number of surface elements = 12694
Creating Volume Mesh.....
Volume Mesh successfully created.....
Number of points = 8067
Number of volume elements = 26411
Generate Coarse Mesh Done...
id0 sum runtime is :0s
start com_barycoords, id: 321
[cn4503:822635:0:822635] Caught signal 11 (Segmentation fault: address not mapped to object at address 0xf8835a4c8)
==== backtrace (tid: 822635) ====
 0  /usr/local/ucx/lib/libucs.so.0(ucs_handle_error+0x2d4) [0x40000b3b579c]
 1  /usr/local/ucx/lib/libucs.so.0(+0x2a92c) [0x40000b3b592c]
 2  /usr/local/ucx/lib/libucs.so.0(+0x2acd4) [0x40000b3b5cd4]
 3  linux-vdso.so.1(__kernel_rt_sigreturn+0) [0x4000046615b8]
 4  /vol8/home/hnu_lhz/cjz/NETGEN/install/lib/libnglib.so(_ZN5nglib10ispatboundEPPvi+0x24) [0x400004a4efd4]
 5  /vol8/home/hnu_lhz/cjz/NETGEN/test_code_expansion/build/mesh_occ_mpi/mesh_occ_mpi(main+0x377c) [0x4129ac]
 6  /usr/lib/aarch64-linux-gnu/libc.so.6(__libc_start_main+0xe8) [0x40000ac57e10]
 7  /vol8/home/hnu_lhz/cjz/NETGEN/test_code_expansion/build/mesh_occ_mpi/mesh_occ_mpi() [0x4139d4]
=================================
start com_barycoords, id: 67
[cn4101:1802751:0:1802751] Caught signal 11 (Segmentation fault: address not mapped to object at address 0x8b32cae38)
==== backtrace (tid:1802751) ====
 0  /usr/local/ucx/lib/libucs.so.0(ucs_handle_error+0x2d4) [0x40002f17779c]
 1  /usr/local/ucx/lib/libucs.so.0(+0x2a92c) [0x40002f17792c]
 2  /usr/local/ucx/lib/libucs.so.0(+0x2acd4) [0x40002f177cd4]
 3  linux-vdso.so.1(__kernel_rt_sigreturn+0) [0x4000284235b8]
 4  /vol8/home/hnu_lhz/cjz/NETGEN/install/lib/libnglib.so(_ZN5nglib10ispatboundEPPvi+0x24) [0x400028810fd4]
 5  /vol8/home/hnu_lhz/cjz/NETGEN/test_code_expansion/build/mesh_occ_mpi/mesh_occ_mpi(main+0x377c) [0x4129ac]
 6  /usr/lib/aarch64-linux-gnu/libc.so.6(__libc_start_main+0xe8) [0x40002ea19e10]
 7  /vol8/home/hnu_lhz/cjz/NETGEN/test_code_expansion/build/mesh_occ_mpi/mesh_occ_mpi() [0x4139d4]
=================================
start com_barycoords, id: 299
[cn4481:3623067:0:3623067] Caught signal 11 (Segmentation fault: address not mapped to object at address 0xb7626e998)
==== backtrace (tid:3623067) ====
 0  /usr/local/ucx/lib/libucs.so.0(ucs_handle_error+0x2d4) [0x4000409ee79c]
 1  /usr/local/ucx/lib/libucs.so.0(+0x2a92c) [0x4000409ee92c]
 2  /usr/local/ucx/lib/libucs.so.0(+0x2acd4) [0x4000409eecd4]
 3  linux-vdso.so.1(__kernel_rt_sigreturn+0) [0x400039c9a5b8]
 4  /vol8/home/hnu_lhz/cjz/NETGEN/install/lib/libnglib.so(_ZN5nglib10ispatboundEPPvi+0x24) [0x40003a087fd4]
 5  /vol8/home/hnu_lhz/cjz/NETGEN/test_code_expansion/build/mesh_occ_mpi/mesh_occ_mpi(main+0x377c) [0x4129ac]
 6  /usr/lib/aarch64-linux-gnu/libc.so.6(__libc_start_main+0xe8) [0x400040290e10]
 7  /vol8/home/hnu_lhz/cjz/NETGEN/test_code_expansion/build/mesh_occ_mpi/mesh_occ_mpi() [0x4139d4]
=================================
start com_barycoords, id: 258
start com_barycoords, id: 285
[cn4440:949170:0:949170] Caught signal 11 (Segmentation fault: address not mapped to object at address 0x961726028)
[cn4467:561069:0:561069] Caught signal 11 (Segmentation fault: address not mapped to object at address 0x1a993687b8)
==== backtrace (tid: 949170) ====
==== backtrace (tid: 561069) ====
 0  /usr/local/ucx/lib/libucs.so.0(ucs_handle_error+0x2d4) [0x4000326aa79c]
 1  /usr/local/ucx/lib/libucs.so.0(+0x2a92c) [0x4000326aa92c]
 2  /usr/local/ucx/lib/libucs.so.0(+0x2acd4) [0x4000326aacd4]
 0  /usr/local/ucx/lib/libucs.so.0(ucs_handle_error+0x2d4) [0x40001b4c779c]
 1  /usr/local/ucx/lib/libucs.so.0(+0x2a92c) [0x40001b4c792c]
 3  linux-vdso.so.1(__kernel_rt_sigreturn+0) [0x40002b9565b8]
 4  /vol8/home/hnu_lhz/cjz/NETGEN/install/lib/libnglib.so(_ZN5nglib10ispatboundEPPvi+0x24) [0x40002bd43fd4]
 5  /vol8/home/hnu_lhz/cjz/NETGEN/test_code_expansion/build/mesh_occ_mpi/mesh_occ_mpi(main+0x377c) [0x4129ac]
 6  /usr/lib/aarch64-linux-gnu/libc.so.6(__libc_start_main+0xe8) [0x400031f4ce10]
 7  /vol8/home/hnu_lhz/cjz/NETGEN/test_code_expansion/build/mesh_occ_mpi/mesh_occ_mpi() [0x4139d4]
=================================
 2  /usr/local/ucx/lib/libucs.so.0(+0x2acd4) [0x40001b4c7cd4]
 3  linux-vdso.so.1(__kernel_rt_sigreturn+0) [0x4000147735b8]
 4  /vol8/home/hnu_lhz/cjz/NETGEN/install/lib/libnglib.so(_ZN5nglib10ispatboundEPPvi+0x24) [0x400014b60fd4]
 5  /vol8/home/hnu_lhz/cjz/NETGEN/test_code_expansion/build/mesh_occ_mpi/mesh_occ_mpi(main+0x377c) [0x4129ac]
 6  /usr/lib/aarch64-linux-gnu/libc.so.6(__libc_start_main+0xe8) [0x40001ad69e10]
 7  /vol8/home/hnu_lhz/cjz/NETGEN/test_code_expansion/build/mesh_occ_mpi/mesh_occ_mpi() [0x4139d4]
=================================
start com_barycoords, id: 100
[cn4134:1110284:0:1110284] Caught signal 11 (Segmentation fault: address not mapped to object at address 0x41762aa98)
==== backtrace (tid:1110284) ====
 0  /usr/local/ucx/lib/libucs.so.0(ucs_handle_error+0x2d4) [0x4000456da79c]
 1  /usr/local/ucx/lib/libucs.so.0(+0x2a92c) [0x4000456da92c]
 2  /usr/local/ucx/lib/libucs.so.0(+0x2acd4) [0x4000456dacd4]
 3  linux-vdso.so.1(__kernel_rt_sigreturn+0) [0x40003e9865b8]
 4  /vol8/home/hnu_lhz/cjz/NETGEN/install/lib/libnglib.so(_ZN5nglib10ispatboundEPPvi+0x24) [0x40003ed73fd4]
 5  /vol8/home/hnu_lhz/cjz/NETGEN/test_code_expansion/build/mesh_occ_mpi/mesh_occ_mpi(main+0x377c) [0x4129ac]
 6  /usr/lib/aarch64-linux-gnu/libc.so.6(__libc_start_main+0xe8) [0x400044f7ce10]
 7  /vol8/home/hnu_lhz/cjz/NETGEN/test_code_expansion/build/mesh_occ_mpi/mesh_occ_mpi() [0x4139d4]
=================================
start com_barycoords, id: 254
[cn4436:1411749:0:1411749] Caught signal 11 (Segmentation fault: address not mapped to object at address 0x15540eb918)
==== backtrace (tid:1411749) ====
 0  /usr/local/ucx/lib/libucs.so.0(ucs_handle_error+0x2d4) [0x40002612e79c]
 1  /usr/local/ucx/lib/libucs.so.0(+0x2a92c) [0x40002612e92c]
 2  /usr/local/ucx/lib/libucs.so.0(+0x2acd4) [0x40002612ecd4]
 3  linux-vdso.so.1(__kernel_rt_sigreturn+0) [0x40001f3da5b8]
 4  /vol8/home/hnu_lhz/cjz/NETGEN/install/lib/libnglib.so(_ZN5nglib10ispatboundEPPvi+0x24) [0x40001f7c7fd4]
 5  /vol8/home/hnu_lhz/cjz/NETGEN/test_code_expansion/build/mesh_occ_mpi/mesh_occ_mpi(main+0x377c) [0x4129ac]
 6  /usr/lib/aarch64-linux-gnu/libc.so.6(__libc_start_main+0xe8) [0x4000259d0e10]
 7  /vol8/home/hnu_lhz/cjz/NETGEN/test_code_expansion/build/mesh_occ_mpi/mesh_occ_mpi() [0x4139d4]
=================================
start com_barycoords, id: 452
[cn7682:1596562:0:1596562] Caught signal 11 (Segmentation fault: address not mapped to object at address 0x25d6b34f8)
==== backtrace (tid:1596562) ====
 0  /usr/local/ucx/lib/libucs.so.0(ucs_handle_error+0x2d4) [0x40001690479c]
 1  /usr/local/ucx/lib/libucs.so.0(+0x2a92c) [0x40001690492c]
 2  /usr/local/ucx/lib/libucs.so.0(+0x2acd4) [0x400016904cd4]
 3  linux-vdso.so.1(__kernel_rt_sigreturn+0) [0x40000fbb05b8]
 4  /vol8/home/hnu_lhz/cjz/NETGEN/install/lib/libnglib.so(_ZN5nglib10ispatboundEPPvi+0x24) [0x40000ff9dfd4]
 5  /vol8/home/hnu_lhz/cjz/NETGEN/test_code_expansion/build/mesh_occ_mpi/mesh_occ_mpi(main+0x377c) [0x4129ac]
 6  /usr/lib/aarch64-linux-gnu/libc.so.6(__libc_start_main+0xe8) [0x4000161a6e10]
 7  /vol8/home/hnu_lhz/cjz/NETGEN/test_code_expansion/build/mesh_occ_mpi/mesh_occ_mpi() [0x4139d4]
=================================
yhrun: error: cn4436: task 254: Segmentation fault
yhrun: Job step aborted: Waiting up to 302 seconds for job step to finish.
slurmstepd: error: *** STEP 5932608.0 ON cn4034 CANCELLED AT 2026-08-11T19:49:05 ***
yhrun: error: cn4364: task 182: Killed
