[ENV-OK] libmpi=/vol8/appsoftware/mpi-x/lib/libmpi.so.12
[ENV-OK] libpmix=/usr/lib/libpmix.so.2
============================================================
Strong scaling (强扩展) run: strong_scaling_core_cache_l2_r2_20260811-153051
Processes: 64; repeats: 3
Result directory: /vol8/home/hnu_lhz/cjz/NETGEN/test_code_expansion/strong_scaling_results/strong_scaling_core_cache_l2_r2_20260811-153051
Environment: /vol8/home/hnu_lhz/cjz/NETGEN/test_code_expansion/strong_scaling_results/strong_scaling_core_cache_l2_r2_20260811-153051/environment/job_5932487_20260811-153054_540016.txt
============================================================
[RUN] processes=64 nodes=64 repeat=1/3
========参数========
使用核数 : 64
输出文件目录 : /vol8/home/hnu_lhz/cjz/NETGEN/test_code_expansion/strong_scaling_results/strong_scaling_core_cache_l2_r2_20260811-153051/application_output/p00064/repeat_01/
输入文件目录 : /vol8/home/hnu_lhz/cjz/NETGEN/test_code_expansion/inputData/wholewall3solid.STEP
细化等级 : 2
细化次数 : 2
网格最大值:1000
网格最小值:0
强扩展分析 : 开启
分析结果目录 : /vol8/home/hnu_lhz/cjz/NETGEN/test_code_expansion/strong_scaling_results
实验名称 : strong_scaling_core_cache_l2_r2_20260811-153051
重复编号 : 1
仅核心算法 : 是
硬件缓存计数 : 请求
Successfully loaded STEP File: /vol8/home/hnu_lhz/cjz/NETGEN/test_code_expansion/inputData/wholewall3solid.STEP
Setting Local Mesh size.....
OCC Mesh Pointer before call = 0x329f8dd0
Local Mesh size successfully set.....
OCC Mesh Pointer after call = 0x329f8dd0
Creating Edge Mesh.....
Edge Mesh successfully created.....
Number of points = 3031
Creating Surface Mesh.....
Surface Mesh successfully created.....
Number of points = 6347
Number of surface elements = 12694
Creating Volume Mesh.....
Volume Mesh successfully created.....
Number of points = 8067
Number of volume elements = 26411
Generate Coarse Mesh Done...
id0 sum runtime is :1s
meshing done 
start com_barycoords, id: 0
start com_baryVolumeElements, id: 0
createElmerOutput, id: 0
successful!!!
[PROFILE] results written to /vol8/home/hnu_lhz/cjz/NETGEN/test_code_expansion/strong_scaling_results/strong_scaling_core_cache_l2_r2_20260811-153051/p00064/repeat_01_20260811-153204
start com_barycoords, id: 62
start com_baryVolumeElements, id: 62
createElmerOutput, id: 62
start com_barycoords, id: 8
start com_baryVolumeElements, id: 8
createElmerOutput, id: 8
start com_barycoords, id: 58
start com_baryVolumeElements, id: 58
createElmerOutput, id: 58
start com_barycoords, id: 63
start com_baryVolumeElements, id: 63
createElmerOutput, id: 63
start com_barycoords, id: 16
start com_baryVolumeElements, id: 16
createElmerOutput, id: 16
start com_barycoords, id: 36
start com_baryVolumeElements, id: 36
createElmerOutput, id: 36
start com_barycoords, id: 27
start com_baryVolumeElements, id: 27
createElmerOutput, id: 27
start com_barycoords, id: 17
start com_baryVolumeElements, id: 17
createElmerOutput, id: 17
start com_barycoords, id: 56
start com_baryVolumeElements, id: 56
createElmerOutput, id: 56
start com_barycoords, id: 34
start com_baryVolumeElements, id: 34
createElmerOutput, id: 34
start com_barycoords, id: 50
start com_baryVolumeElements, id: 50
createElmerOutput, id: 50
start com_barycoords, id: 25
start com_baryVolumeElements, id: 25
createElmerOutput, id: 25
start com_barycoords, id: 5
start com_baryVolumeElements, id: 5
createElmerOutput, id: 5
start com_barycoords, id: 53
start com_baryVolumeElements, id: 53
createElmerOutput, id: 53
start com_barycoords, id: 12
start com_baryVolumeElements, id: 12
createElmerOutput, id: 12
start com_barycoords, id: 19
start com_baryVolumeElements, id: 19
createElmerOutput, id: 19
start com_barycoords, id: 37
start com_baryVolumeElements, id: 37
createElmerOutput, id: 37
start com_barycoords, id: 33
start com_baryVolumeElements, id: 33
createElmerOutput, id: 33
start com_barycoords, id: 55
start com_baryVolumeElements, id: 55
createElmerOutput, id: 55
start com_barycoords, id: 61
start com_baryVolumeElements, id: 61
createElmerOutput, id: 61
start com_barycoords, id: 35
start com_baryVolumeElements, id: 35
createElmerOutput, id: 35
start com_barycoords, id: 46
start com_baryVolumeElements, id: 46
createElmerOutput, id: 46
start com_barycoords, id: 26
start com_baryVolumeElements, id: 26
createElmerOutput, id: 26
start com_barycoords, id: 4
start com_baryVolumeElements, id: 4
createElmerOutput, id: 4
start com_barycoords, id: 42
start com_baryVolumeElements, id: 42
createElmerOutput, id: 42
start com_barycoords, id: 13
start com_baryVolumeElements, id: 13
createElmerOutput, id: 13
start com_barycoords, id: 57
start com_baryVolumeElements, id: 57
createElmerOutput, id: 57
start com_barycoords, id: 18
start com_baryVolumeElements, id: 18
createElmerOutput, id: 18
start com_barycoords, id: 10
start com_baryVolumeElements, id: 10
createElmerOutput, id: 10
start com_barycoords, id: 28
start com_baryVolumeElements, id: 28
createElmerOutput, id: 28
start com_barycoords, id: 38
start com_baryVolumeElements, id: 38
createElmerOutput, id: 38
start com_barycoords, id: 40
start com_baryVolumeElements, id: 40
createElmerOutput, id: 40
start com_barycoords, id: 48
start com_baryVolumeElements, id: 48
createElmerOutput, id: 48
start com_barycoords, id: 32
start com_baryVolumeElements, id: 32
createElmerOutput, id: 32
start com_barycoords, id: 45
start com_baryVolumeElements, id: 45
createElmerOutput, id: 45
start com_barycoords, id: 54
start com_baryVolumeElements, id: 54
createElmerOutput, id: 54
start com_barycoords, id: 14
start com_baryVolumeElements, id: 14
createElmerOutput, id: 14
start com_barycoords, id: 59
start com_baryVolumeElements, id: 59
createElmerOutput, id: 59
start com_barycoords, id: 29
start com_baryVolumeElements, id: 29
createElmerOutput, id: 29
start com_barycoords, id: 2
start com_baryVolumeElements, id: 2
createElmerOutput, id: 2
start com_barycoords, id: 49
start com_baryVolumeElements, id: 49
createElmerOutput, id: 49
start com_barycoords, id: 30
start com_baryVolumeElements, id: 30
createElmerOutput, id: 30
start com_barycoords, id: 11
start com_baryVolumeElements, id: 11
createElmerOutput, id: 11
start com_barycoords, id: 60
start com_baryVolumeElements, id: 60
createElmerOutput, id: 60
start com_barycoords, id: 39
start com_baryVolumeElements, id: 39
createElmerOutput, id: 39
start com_barycoords, id: 51
start com_baryVolumeElements, id: 51
createElmerOutput, id: 51
start com_barycoords, id: 43
start com_baryVolumeElements, id: 43
createElmerOutput, id: 43
start com_barycoords, id: 47
start com_baryVolumeElements, id: 47
createElmerOutput, id: 47
start com_barycoords, id: 22
start com_baryVolumeElements, id: 22
createElmerOutput, id: 22
start com_barycoords, id: 41
start com_baryVolumeElements, id: 41
createElmerOutput, id: 41
start com_barycoords, id: 7
start com_baryVolumeElements, id: 7
createElmerOutput, id: 7
start com_barycoords, id: 21
start com_baryVolumeElements, id: 21
createElmerOutput, id: 21
start com_barycoords, id: 15
start com_baryVolumeElements, id: 15
createElmerOutput, id: 15
start com_barycoords, id: 52
start com_baryVolumeElements, id: 52
createElmerOutput, id: 52
start com_barycoords, id: 9
start com_baryVolumeElements, id: 9
createElmerOutput, id: 9
start com_barycoords, id: 23
start com_baryVolumeElements, id: 23
createElmerOutput, id: 23
start com_barycoords, id: 1
start com_baryVolumeElements, id: 1
createElmerOutput, id: 1
start com_barycoords, id: 44
start com_baryVolumeElements, id: 44
createElmerOutput, id: 44
start com_barycoords, id: 24
start com_baryVolumeElements, id: 24
createElmerOutput, id: 24
start com_barycoords, id: 31
start com_baryVolumeElements, id: 31
createElmerOutput, id: 31
start com_barycoords, id: 3
start com_baryVolumeElements, id: 3
createElmerOutput, id: 3
start com_barycoords, id: 6
start com_baryVolumeElements, id: 6
createElmerOutput, id: 6
start com_barycoords, id: 20
start com_baryVolumeElements, id: 20
createElmerOutput, id: 20
[RUN] processes=64 nodes=64 repeat=2/3
========参数========
使用核数 : 64
输出文件目录 : /vol8/home/hnu_lhz/cjz/NETGEN/test_code_expansion/strong_scaling_results/strong_scaling_core_cache_l2_r2_20260811-153051/application_output/p00064/repeat_02/
输入文件目录 : /vol8/home/hnu_lhz/cjz/NETGEN/test_code_expansion/inputData/wholewall3solid.STEP
细化等级 : 2
细化次数 : 2
网格最大值:1000
网格最小值:0
强扩展分析 : 开启
分析结果目录 : /vol8/home/hnu_lhz/cjz/NETGEN/test_code_expansion/strong_scaling_results
实验名称 : strong_scaling_core_cache_l2_r2_20260811-153051
重复编号 : 2
仅核心算法 : 是
硬件缓存计数 : 请求
Successfully loaded STEP File: /vol8/home/hnu_lhz/cjz/NETGEN/test_code_expansion/inputData/wholewall3solid.STEP
Setting Local Mesh size.....
OCC Mesh Pointer before call = 0x187afdd0
Local Mesh size successfully set.....
OCC Mesh Pointer after call = 0x187afdd0
Creating Edge Mesh.....
Edge Mesh successfully created.....
Number of points = 3031
Creating Surface Mesh.....
Surface Mesh successfully created.....
Number of points = 6347
Number of surface elements = 12694
Creating Volume Mesh.....
Volume Mesh successfully created.....
Number of points = 8067
Number of volume elements = 26411
Generate Coarse Mesh Done...
id0 sum runtime is :1s
meshing done 
start com_barycoords, id: 0
start com_baryVolumeElements, id: 0
createElmerOutput, id: 0
successful!!!
[PROFILE] results written to /vol8/home/hnu_lhz/cjz/NETGEN/test_code_expansion/strong_scaling_results/strong_scaling_core_cache_l2_r2_20260811-153051/p00064/repeat_02_20260811-153250
start com_barycoords, id: 60
start com_baryVolumeElements, id: 60
createElmerOutput, id: 60
start com_barycoords, id: 15
start com_baryVolumeElements, id: 15
createElmerOutput, id: 15
start com_barycoords, id: 52
start com_baryVolumeElements, id: 52
createElmerOutput, id: 52
start com_barycoords, id: 44
start com_baryVolumeElements, id: 44
createElmerOutput, id: 44
start com_barycoords, id: 9
start com_baryVolumeElements, id: 9
createElmerOutput, id: 9
start com_barycoords, id: 1
start com_baryVolumeElements, id: 1
createElmerOutput, id: 1
start com_barycoords, id: 62
start com_baryVolumeElements, id: 62
createElmerOutput, id: 62
start com_barycoords, id: 31
start com_baryVolumeElements, id: 31
createElmerOutput, id: 31
start com_barycoords, id: 8
start com_baryVolumeElements, id: 8
createElmerOutput, id: 8
start com_barycoords, id: 58
start com_baryVolumeElements, id: 58
createElmerOutput, id: 58
start com_barycoords, id: 3
start com_baryVolumeElements, id: 3
createElmerOutput, id: 3
start com_barycoords, id: 6
start com_baryVolumeElements, id: 6
createElmerOutput, id: 6
start com_barycoords, id: 20
start com_baryVolumeElements, id: 20
createElmerOutput, id: 20
start com_barycoords, id: 16
start com_baryVolumeElements, id: 16
createElmerOutput, id: 16
start com_barycoords, id: 63
start com_baryVolumeElements, id: 63
createElmerOutput, id: 63
start com_barycoords, id: 27
start com_baryVolumeElements, id: 27
createElmerOutput, id: 27
start com_barycoords, id: 36
start com_baryVolumeElements, id: 36
createElmerOutput, id: 36
start com_barycoords, id: 17
start com_baryVolumeElements, id: 17
createElmerOutput, id: 17
start com_barycoords, id: 50
start com_baryVolumeElements, id: 50
createElmerOutput, id: 50
start com_barycoords, id: 56
start com_baryVolumeElements, id: 56
createElmerOutput, id: 56
start com_barycoords, id: 34
start com_baryVolumeElements, id: 34
createElmerOutput, id: 34
start com_barycoords, id: 53
start com_baryVolumeElements, id: 53
createElmerOutput, id: 53
start com_barycoords, id: 12
start com_baryVolumeElements, id: 12
createElmerOutput, id: 12
start com_barycoords, id: 25
start com_baryVolumeElements, id: 25
createElmerOutput, id: 25
start com_barycoords, id: 19
start com_baryVolumeElements, id: 19
createElmerOutput, id: 19
start com_barycoords, id: 5
start com_baryVolumeElements, id: 5
createElmerOutput, id: 5
start com_barycoords, id: 35
start com_baryVolumeElements, id: 35
createElmerOutput, id: 35
start com_barycoords, id: 37
start com_baryVolumeElements, id: 37
createElmerOutput, id: 37
start com_barycoords, id: 61
start com_baryVolumeElements, id: 61
createElmerOutput, id: 61
start com_barycoords, id: 33
start com_baryVolumeElements, id: 33
createElmerOutput, id: 33
start com_barycoords, id: 46
start com_baryVolumeElements, id: 46
createElmerOutput, id: 46
start com_barycoords, id: 13
start com_baryVolumeElements, id: 13
createElmerOutput, id: 13
start com_barycoords, id: 26
start com_baryVolumeElements, id: 26
createElmerOutput, id: 26
start com_barycoords, id: 32
start com_baryVolumeElements, id: 32
createElmerOutput, id: 32
start com_barycoords, id: 55
start com_baryVolumeElements, id: 55
createElmerOutput, id: 55
start com_barycoords, id: 4
start com_baryVolumeElements, id: 4
createElmerOutput, id: 4
start com_barycoords, id: 18
start com_baryVolumeElements, id: 18
createElmerOutput, id: 18
start com_barycoords, id: 57
start com_baryVolumeElements, id: 57
createElmerOutput, id: 57
start com_barycoords, id: 42
start com_baryVolumeElements, id: 42
createElmerOutput, id: 42
start com_barycoords, id: 28
start com_baryVolumeElements, id: 28
createElmerOutput, id: 28
start com_barycoords, id: 14
start com_baryVolumeElements, id: 14
createElmerOutput, id: 14
start com_barycoords, id: 38
start com_baryVolumeElements, id: 38
createElmerOutput, id: 38
start com_barycoords, id: 45
start com_baryVolumeElements, id: 45
createElmerOutput, id: 45
start com_barycoords, id: 10
start com_baryVolumeElements, id: 10
createElmerOutput, id: 10
start com_barycoords, id: 40
start com_baryVolumeElements, id: 40
createElmerOutput, id: 40
start com_barycoords, id: 59
start com_baryVolumeElements, id: 59
createElmerOutput, id: 59
start com_barycoords, id: 48
start com_baryVolumeElements, id: 48
createElmerOutput, id: 48
start com_barycoords, id: 29
start com_baryVolumeElements, id: 29
createElmerOutput, id: 29
start com_barycoords, id: 54
start com_baryVolumeElements, id: 54
createElmerOutput, id: 54
start com_barycoords, id: 30
start com_baryVolumeElements, id: 30
createElmerOutput, id: 30
start com_barycoords, id: 2
start com_baryVolumeElements, id: 2
createElmerOutput, id: 2
start com_barycoords, id: 41
start com_baryVolumeElements, id: 41
createElmerOutput, id: 41
start com_barycoords, id: 51
start com_baryVolumeElements, id: 51
createElmerOutput, id: 51
start com_barycoords, id: 49
start com_baryVolumeElements, id: 49
createElmerOutput, id: 49
start com_barycoords, id: 39
start com_baryVolumeElements, id: 39
createElmerOutput, id: 39
start com_barycoords, id: 11
start com_baryVolumeElements, id: 11
createElmerOutput, id: 11
start com_barycoords, id: 43
start com_baryVolumeElements, id: 43
createElmerOutput, id: 43
start com_barycoords, id: 22
start com_baryVolumeElements, id: 22
createElmerOutput, id: 22
start com_barycoords, id: 47
start com_baryVolumeElements, id: 47
createElmerOutput, id: 47
start com_barycoords, id: 21
start com_baryVolumeElements, id: 21
createElmerOutput, id: 21
start com_barycoords, id: 7
start com_baryVolumeElements, id: 7
createElmerOutput, id: 7
start com_barycoords, id: 23
start com_baryVolumeElements, id: 23
createElmerOutput, id: 23
start com_barycoords, id: 24
start com_baryVolumeElements, id: 24
createElmerOutput, id: 24
[RUN] processes=64 nodes=64 repeat=3/3
========参数========
使用核数 : 64
输出文件目录 : /vol8/home/hnu_lhz/cjz/NETGEN/test_code_expansion/strong_scaling_results/strong_scaling_core_cache_l2_r2_20260811-153051/application_output/p00064/repeat_03/
输入文件目录 : /vol8/home/hnu_lhz/cjz/NETGEN/test_code_expansion/inputData/wholewall3solid.STEP
细化等级 : 2
细化次数 : 2
网格最大值:1000
网格最小值:0
强扩展分析 : 开启
分析结果目录 : /vol8/home/hnu_lhz/cjz/NETGEN/test_code_expansion/strong_scaling_results
实验名称 : strong_scaling_core_cache_l2_r2_20260811-153051
重复编号 : 3
仅核心算法 : 是
硬件缓存计数 : 请求
Successfully loaded STEP File: /vol8/home/hnu_lhz/cjz/NETGEN/test_code_expansion/inputData/wholewall3solid.STEP
Setting Local Mesh size.....
OCC Mesh Pointer before call = 0x1d407dd0
Local Mesh size successfully set.....
OCC Mesh Pointer after call = 0x1d407dd0
Creating Edge Mesh.....
Edge Mesh successfully created.....
Number of points = 3031
Creating Surface Mesh.....
Surface Mesh successfully created.....
Number of points = 6347
Number of surface elements = 12694
Creating Volume Mesh.....
Volume Mesh successfully created.....
Number of points = 8067
Number of volume elements = 26411
Generate Coarse Mesh Done...
id0 sum runtime is :0s
meshing done 
start com_barycoords, id: 0
start com_baryVolumeElements, id: 0
createElmerOutput, id: 0
successful!!!
[PROFILE] results written to /vol8/home/hnu_lhz/cjz/NETGEN/test_code_expansion/strong_scaling_results/strong_scaling_core_cache_l2_r2_20260811-153051/p00064/repeat_03_20260811-153336
start com_barycoords, id: 53
start com_baryVolumeElements, id: 53
createElmerOutput, id: 53
start com_barycoords, id: 19
start com_baryVolumeElements, id: 19
createElmerOutput, id: 19
start com_barycoords, id: 35
start com_baryVolumeElements, id: 35
createElmerOutput, id: 35
start com_barycoords, id: 37
start com_baryVolumeElements, id: 37
createElmerOutput, id: 37
start com_barycoords, id: 25
start com_baryVolumeElements, id: 25
createElmerOutput, id: 25
start com_barycoords, id: 17
start com_baryVolumeElements, id: 17
createElmerOutput, id: 17
start com_barycoords, id: 34
start com_baryVolumeElements, id: 34
createElmerOutput, id: 34
start com_barycoords, id: 33
start com_baryVolumeElements, id: 33
createElmerOutput, id: 33
start com_barycoords, id: 13
start com_baryVolumeElements, id: 13
createElmerOutput, id: 13
start com_barycoords, id: 4
start com_baryVolumeElements, id: 4
createElmerOutput, id: 4
start com_barycoords, id: 57
start com_baryVolumeElements, id: 57
createElmerOutput, id: 57
start com_barycoords, id: 26
start com_baryVolumeElements, id: 26
createElmerOutput, id: 26
start com_barycoords, id: 46
start com_baryVolumeElements, id: 46
createElmerOutput, id: 46
start com_barycoords, id: 61
start com_baryVolumeElements, id: 61
createElmerOutput, id: 61
start com_barycoords, id: 55
start com_baryVolumeElements, id: 55
createElmerOutput, id: 55
start com_barycoords, id: 32
start com_baryVolumeElements, id: 32
createElmerOutput, id: 32
start com_barycoords, id: 18
start com_baryVolumeElements, id: 18
createElmerOutput, id: 18
start com_barycoords, id: 42
start com_baryVolumeElements, id: 42
createElmerOutput, id: 42
start com_barycoords, id: 45
start com_baryVolumeElements, id: 45
createElmerOutput, id: 45
start com_barycoords, id: 38
start com_baryVolumeElements, id: 38
createElmerOutput, id: 38
start com_barycoords, id: 28
start com_baryVolumeElements, id: 28
createElmerOutput, id: 28
start com_barycoords, id: 59
start com_baryVolumeElements, id: 59
createElmerOutput, id: 59
start com_barycoords, id: 48
start com_baryVolumeElements, id: 48
createElmerOutput, id: 48
start com_barycoords, id: 10
start com_baryVolumeElements, id: 10
createElmerOutput, id: 10
start com_barycoords, id: 29
start com_baryVolumeElements, id: 29
createElmerOutput, id: 29
start com_barycoords, id: 54
start com_baryVolumeElements, id: 54
createElmerOutput, id: 54
start com_barycoords, id: 14
start com_baryVolumeElements, id: 14
createElmerOutput, id: 14
start com_barycoords, id: 40
start com_baryVolumeElements, id: 40
createElmerOutput, id: 40
start com_barycoords, id: 30
start com_baryVolumeElements, id: 30
createElmerOutput, id: 30
start com_barycoords, id: 60
start com_baryVolumeElements, id: 60
createElmerOutput, id: 60
start com_barycoords, id: 49
start com_baryVolumeElements, id: 49
createElmerOutput, id: 49
start com_barycoords, id: 2
start com_baryVolumeElements, id: 2
createElmerOutput, id: 2
start com_barycoords, id: 43
start com_baryVolumeElements, id: 43
createElmerOutput, id: 43
start com_barycoords, id: 11
start com_baryVolumeElements, id: 11
createElmerOutput, id: 11
start com_barycoords, id: 15
start com_baryVolumeElements, id: 15
createElmerOutput, id: 15
start com_barycoords, id: 41
start com_baryVolumeElements, id: 41
createElmerOutput, id: 41
start com_barycoords, id: 39
start com_baryVolumeElements, id: 39
createElmerOutput, id: 39
start com_barycoords, id: 51
start com_baryVolumeElements, id: 51
createElmerOutput, id: 51
start com_barycoords, id: 47
start com_baryVolumeElements, id: 47
createElmerOutput, id: 47
start com_barycoords, id: 23
start com_baryVolumeElements, id: 23
createElmerOutput, id: 23
start com_barycoords, id: 21
start com_baryVolumeElements, id: 21
createElmerOutput, id: 21
start com_barycoords, id: 22
start com_baryVolumeElements, id: 22
createElmerOutput, id: 22
start com_barycoords, id: 52
start com_baryVolumeElements, id: 52
createElmerOutput, id: 52
start com_barycoords, id: 9
start com_baryVolumeElements, id: 9
createElmerOutput, id: 9
start com_barycoords, id: 44
start com_baryVolumeElements, id: 44
createElmerOutput, id: 44
start com_barycoords, id: 1
start com_baryVolumeElements, id: 1
createElmerOutput, id: 1
start com_barycoords, id: 62
start com_baryVolumeElements, id: 62
createElmerOutput, id: 62
start com_barycoords, id: 24
start com_baryVolumeElements, id: 24
createElmerOutput, id: 24
start com_barycoords, id: 31
start com_baryVolumeElements, id: 31
createElmerOutput, id: 31
start com_barycoords, id: 3
start com_baryVolumeElements, id: 3
createElmerOutput, id: 3
start com_barycoords, id: 8
start com_baryVolumeElements, id: 8
createElmerOutput, id: 8
start com_barycoords, id: 20
start com_baryVolumeElements, id: 20
createElmerOutput, id: 20
start com_barycoords, id: 58
start com_baryVolumeElements, id: 58
createElmerOutput, id: 58
start com_barycoords, id: 6
start com_baryVolumeElements, id: 6
createElmerOutput, id: 6
start com_barycoords, id: 63
start com_baryVolumeElements, id: 63
createElmerOutput, id: 63
start com_barycoords, id: 36
start com_baryVolumeElements, id: 36
createElmerOutput, id: 36
start com_barycoords, id: 27
start com_baryVolumeElements, id: 27
createElmerOutput, id: 27
start com_barycoords, id: 16
start com_baryVolumeElements, id: 16
createElmerOutput, id: 16
start com_barycoords, id: 56
start com_baryVolumeElements, id: 56
createElmerOutput, id: 56
start com_barycoords, id: 50
start com_baryVolumeElements, id: 50
createElmerOutput, id: 50
start com_barycoords, id: 12
start com_baryVolumeElements, id: 12
createElmerOutput, id: 12
start com_barycoords, id: 5
start com_baryVolumeElements, id: 5
createElmerOutput, id: 5
start com_barycoords, id: 7
start com_baryVolumeElements, id: 7
createElmerOutput, id: 7
[OK] 本作业运行完成；等待其他规模结束后统一分析: /vol8/home/hnu_lhz/cjz/NETGEN/test_code_expansion/strong_scaling_results/strong_scaling_core_cache_l2_r2_20260811-153051
