[ENV-OK] libmpi=/vol8/appsoftware/mpi-x/lib/libmpi.so.12
[ENV-OK] libpmix=/usr/lib/libpmix.so.2
============================================================
Strong scaling (强扩展) run: strong_scaling_core_cache_l2_r2_20260811-153051
Processes: 256; repeats: 3
Result directory: /vol8/home/hnu_lhz/cjz/NETGEN/test_code_expansion/strong_scaling_results/strong_scaling_core_cache_l2_r2_20260811-153051
Environment: /vol8/home/hnu_lhz/cjz/NETGEN/test_code_expansion/strong_scaling_results/strong_scaling_core_cache_l2_r2_20260811-153051/environment/job_5932489_20260811-153310_587716.txt
============================================================
[RUN] processes=256 nodes=256 repeat=1/3
========参数========
使用核数 : 256
输出文件目录 : /vol8/home/hnu_lhz/cjz/NETGEN/test_code_expansion/strong_scaling_results/strong_scaling_core_cache_l2_r2_20260811-153051/application_output/p00256/repeat_01/
输入文件目录 : /vol8/home/hnu_lhz/cjz/NETGEN/test_code_expansion/inputData/wholewall3solid.STEP
细化等级 : 2
细化次数 : 2
网格最大值:1000
网格最小值:0
强扩展分析 : 开启
分析结果目录 : /vol8/home/hnu_lhz/cjz/NETGEN/test_code_expansion/strong_scaling_results
实验名称 : strong_scaling_core_cache_l2_r2_20260811-153051
重复编号 : 1
仅核心算法 : 是
硬件缓存计数 : 请求
Successfully loaded STEP File: /vol8/home/hnu_lhz/cjz/NETGEN/test_code_expansion/inputData/wholewall3solid.STEP
Setting Local Mesh size.....
OCC Mesh Pointer before call = 0x12f513c0
Local Mesh size successfully set.....
OCC Mesh Pointer after call = 0x12f513c0
Creating Edge Mesh.....
Edge Mesh successfully created.....
Number of points = 3031
Creating Surface Mesh.....
Surface Mesh successfully created.....
Number of points = 6347
Number of surface elements = 12694
Creating Volume Mesh.....
Volume Mesh successfully created.....
Number of points = 8067
Number of volume elements = 26411
Generate Coarse Mesh Done...
id0 sum runtime is :1s
meshing done 
start com_barycoords, id: 0
start com_baryVolumeElements, id: 0
createElmerOutput, id: 0
successful!!!
[PROFILE] results written to /vol8/home/hnu_lhz/cjz/NETGEN/test_code_expansion/strong_scaling_results/strong_scaling_core_cache_l2_r2_20260811-153051/p00256/repeat_01_20260811-153406
start com_barycoords, id: 29
start com_baryVolumeElements, id: 29
createElmerOutput, id: 29
start com_barycoords, id: 250
start com_baryVolumeElements, id: 250
createElmerOutput, id: 250
start com_barycoords, id: 21
start com_baryVolumeElements, id: 21
createElmerOutput, id: 21
start com_barycoords, id: 245
start com_baryVolumeElements, id: 245
createElmerOutput, id: 245
start com_barycoords, id: 86
start com_baryVolumeElements, id: 86
createElmerOutput, id: 86
start com_barycoords, id: 35
start com_baryVolumeElements, id: 35
createElmerOutput, id: 35
start com_barycoords, id: 249
start com_baryVolumeElements, id: 249
createElmerOutput, id: 249
start com_barycoords, id: 16
start com_baryVolumeElements, id: 16
createElmerOutput, id: 16
start com_barycoords, id: 179
start com_baryVolumeElements, id: 179
createElmerOutput, id: 179
start com_barycoords, id: 5
start com_baryVolumeElements, id: 5
createElmerOutput, id: 5
start com_barycoords, id: 66
start com_baryVolumeElements, id: 66
createElmerOutput, id: 66
start com_barycoords, id: 90
start com_baryVolumeElements, id: 90
createElmerOutput, id: 90
start com_barycoords, id: 91
start com_baryVolumeElements, id: 91
createElmerOutput, id: 91
start com_barycoords, id: 38
start com_baryVolumeElements, id: 38
createElmerOutput, id: 38
start com_barycoords, id: 24
start com_baryVolumeElements, id: 24
createElmerOutput, id: 24
start com_barycoords, id: 62
start com_baryVolumeElements, id: 62
createElmerOutput, id: 62
start com_barycoords, id: 214
start com_baryVolumeElements, id: 214
createElmerOutput, id: 214
start com_barycoords, id: 180
start com_baryVolumeElements, id: 180
createElmerOutput, id: 180
start com_barycoords, id: 108
start com_baryVolumeElements, id: 108
createElmerOutput, id: 108
start com_barycoords, id: 112
start com_baryVolumeElements, id: 112
createElmerOutput, id: 112
start com_barycoords, id: 145
start com_baryVolumeElements, id: 145
createElmerOutput, id: 145
start com_barycoords, id: 166
start com_baryVolumeElements, id: 166
createElmerOutput, id: 166
start com_barycoords, id: 76
start com_baryVolumeElements, id: 76
createElmerOutput, id: 76
start com_barycoords, id: 4
start com_baryVolumeElements, id: 4
createElmerOutput, id: 4
start com_barycoords, id: 140
start com_baryVolumeElements, id: 140
createElmerOutput, id: 140
start com_barycoords, id: 153
start com_baryVolumeElements, id: 153
createElmerOutput, id: 153
start com_barycoords, id: 147
start com_baryVolumeElements, id: 147
createElmerOutput, id: 147
start com_barycoords, id: 235
start com_baryVolumeElements, id: 235
createElmerOutput, id: 235
start com_barycoords, id: 237
start com_baryVolumeElements, id: 237
createElmerOutput, id: 237
start com_barycoords, id: 74
start com_baryVolumeElements, id: 74
createElmerOutput, id: 74
start com_barycoords, id: 104
start com_baryVolumeElements, id: 104
createElmerOutput, id: 104
start com_barycoords, id: 34
start com_baryVolumeElements, id: 34
createElmerOutput, id: 34
start com_barycoords, id: 11
start com_baryVolumeElements, id: 11
createElmerOutput, id: 11
start com_barycoords, id: 218
start com_baryVolumeElements, id: 218
createElmerOutput, id: 218
start com_barycoords, id: 243
start com_baryVolumeElements, id: 243
createElmerOutput, id: 243
start com_barycoords, id: 183
start com_baryVolumeElements, id: 183
createElmerOutput, id: 183
start com_barycoords, id: 244
start com_baryVolumeElements, id: 244
createElmerOutput, id: 244
start com_barycoords, id: 136
start com_baryVolumeElements, id: 136
createElmerOutput, id: 136
start com_barycoords, id: 178
start com_baryVolumeElements, id: 178
createElmerOutput, id: 178
start com_barycoords, id: 109
start com_baryVolumeElements, id: 109
createElmerOutput, id: 109
start com_barycoords, id: 121
start com_baryVolumeElements, id: 121
createElmerOutput, id: 121
start com_barycoords, id: 157
start com_baryVolumeElements, id: 157
createElmerOutput, id: 157
start com_barycoords, id: 134
start com_baryVolumeElements, id: 134
createElmerOutput, id: 134
start com_barycoords, id: 116
start com_baryVolumeElements, id: 116
createElmerOutput, id: 116
start com_barycoords, id: 159
start com_baryVolumeElements, id: 159
createElmerOutput, id: 159
start com_barycoords, id: 105
start com_baryVolumeElements, id: 105
createElmerOutput, id: 105
start com_barycoords, id: 77
start com_baryVolumeElements, id: 77
createElmerOutput, id: 77
start com_barycoords, id: 113
start com_baryVolumeElements, id: 113
createElmerOutput, id: 113
start com_barycoords, id: 55
start com_baryVolumeElements, id: 55
createElmerOutput, id: 55
start com_barycoords, id: 36
start com_baryVolumeElements, id: 36
createElmerOutput, id: 36
start com_barycoords, id: 227
start com_baryVolumeElements, id: 227
createElmerOutput, id: 227
start com_barycoords, id: 217
start com_baryVolumeElements, id: 217
createElmerOutput, id: 217
start com_barycoords, id: 133
start com_baryVolumeElements, id: 133
createElmerOutput, id: 133
start com_barycoords, id: 64
start com_baryVolumeElements, id: 64
createElmerOutput, id: 64
start com_barycoords, id: 65
start com_baryVolumeElements, id: 65
createElmerOutput, id: 65
start com_barycoords, id: 83
start com_baryVolumeElements, id: 83
createElmerOutput, id: 83
start com_barycoords, id: 198
start com_baryVolumeElements, id: 198
createElmerOutput, id: 198
start com_barycoords, id: 203
start com_baryVolumeElements, id: 203
createElmerOutput, id: 203
start com_barycoords, id: 251
start com_baryVolumeElements, id: 251
createElmerOutput, id: 251
start com_barycoords, id: 205
start com_baryVolumeElements, id: 205
createElmerOutput, id: 205
start com_barycoords, id: 230
start com_baryVolumeElements, id: 230
createElmerOutput, id: 230
start com_barycoords, id: 212
start com_baryVolumeElements, id: 212
createElmerOutput, id: 212
start com_barycoords, id: 144
start com_baryVolumeElements, id: 144
createElmerOutput, id: 144
start com_barycoords, id: 84
start com_baryVolumeElements, id: 84
createElmerOutput, id: 84
start com_barycoords, id: 182
start com_baryVolumeElements, id: 182
createElmerOutput, id: 182
start com_barycoords, id: 141
start com_baryVolumeElements, id: 141
createElmerOutput, id: 141
start com_barycoords, id: 184
start com_baryVolumeElements, id: 184
createElmerOutput, id: 184
start com_barycoords, id: 154
start com_baryVolumeElements, id: 154
createElmerOutput, id: 154
start com_barycoords, id: 70
start com_baryVolumeElements, id: 70
createElmerOutput, id: 70
start com_barycoords, id: 71
start com_baryVolumeElements, id: 71
createElmerOutput, id: 71
start com_barycoords, id: 31
start com_baryVolumeElements, id: 31
createElmerOutput, id: 31
start com_barycoords, id: 222
start com_baryVolumeElements, id: 222
createElmerOutput, id: 222
start com_barycoords, id: 204
start com_baryVolumeElements, id: 204
createElmerOutput, id: 204
start com_barycoords, id: 229
start com_baryVolumeElements, id: 229
createElmerOutput, id: 229
start com_barycoords, id: 247
start com_baryVolumeElements, id: 247
createElmerOutput, id: 247
start com_barycoords, id: 254
start com_baryVolumeElements, id: 254
createElmerOutput, id: 254
start com_barycoords, id: 207
start com_baryVolumeElements, id: 207
createElmerOutput, id: 207
start com_barycoords, id: 186
start com_baryVolumeElements, id: 186
createElmerOutput, id: 186
start com_barycoords, id: 85
start com_baryVolumeElements, id: 85
createElmerOutput, id: 85
start com_barycoords, id: 79
start com_baryVolumeElements, id: 79
createElmerOutput, id: 79
start com_barycoords, id: 68
start com_baryVolumeElements, id: 68
createElmerOutput, id: 68
start com_barycoords, id: 93
start com_baryVolumeElements, id: 93
createElmerOutput, id: 93
start com_barycoords, id: 118
start com_baryVolumeElements, id: 118
createElmerOutput, id: 118
start com_barycoords, id: 92
start com_baryVolumeElements, id: 92
createElmerOutput, id: 92
start com_barycoords, id: 59
start com_baryVolumeElements, id: 59
createElmerOutput, id: 59
start com_barycoords, id: 27
start com_baryVolumeElements, id: 27
createElmerOutput, id: 27
start com_barycoords, id: 194
start com_baryVolumeElements, id: 194
createElmerOutput, id: 194
start com_barycoords, id: 15
start com_baryVolumeElements, id: 15
createElmerOutput, id: 15
start com_barycoords, id: 240
start com_baryVolumeElements, id: 240
createElmerOutput, id: 240
start com_barycoords, id: 206
start com_baryVolumeElements, id: 206
createElmerOutput, id: 206
start com_barycoords, id: 231
start com_baryVolumeElements, id: 231
createElmerOutput, id: 231
start com_barycoords, id: 208
start com_baryVolumeElements, id: 208
createElmerOutput, id: 208
start com_barycoords, id: 220
start com_baryVolumeElements, id: 220
createElmerOutput, id: 220
start com_barycoords, id: 130
start com_baryVolumeElements, id: 130
createElmerOutput, id: 130
start com_barycoords, id: 25
start com_baryVolumeElements, id: 25
createElmerOutput, id: 25
start com_barycoords, id: 13
start com_baryVolumeElements, id: 13
createElmerOutput, id: 13
start com_barycoords, id: 188
start com_baryVolumeElements, id: 188
createElmerOutput, id: 188
start com_barycoords, id: 129
start com_baryVolumeElements, id: 129
createElmerOutput, id: 129
start com_barycoords, id: 99
start com_baryVolumeElements, id: 99
createElmerOutput, id: 99
start com_barycoords, id: 52
start com_baryVolumeElements, id: 52
createElmerOutput, id: 52
start com_barycoords, id: 82
start com_baryVolumeElements, id: 82
createElmerOutput, id: 82
start com_barycoords, id: 143
start com_baryVolumeElements, id: 143
createElmerOutput, id: 143
start com_barycoords, id: 167
start com_baryVolumeElements, id: 167
createElmerOutput, id: 167
start com_barycoords, id: 163
start com_baryVolumeElements, id: 163
createElmerOutput, id: 163
start com_barycoords, id: 124
start com_baryVolumeElements, id: 124
createElmerOutput, id: 124
start com_barycoords, id: 155
start com_baryVolumeElements, id: 155
createElmerOutput, id: 155
start com_barycoords, id: 107
start com_baryVolumeElements, id: 107
createElmerOutput, id: 107
start com_barycoords, id: 89
start com_baryVolumeElements, id: 89
createElmerOutput, id: 89
start com_barycoords, id: 156
start com_baryVolumeElements, id: 156
createElmerOutput, id: 156
start com_barycoords, id: 33
start com_baryVolumeElements, id: 33
createElmerOutput, id: 33
start com_barycoords, id: 199
start com_baryVolumeElements, id: 199
createElmerOutput, id: 199
start com_barycoords, id: 197
start com_baryVolumeElements, id: 197
createElmerOutput, id: 197
start com_barycoords, id: 63
start com_baryVolumeElements, id: 63
createElmerOutput, id: 63
start com_barycoords, id: 241
start com_baryVolumeElements, id: 241
createElmerOutput, id: 241
start com_barycoords, id: 253
start com_baryVolumeElements, id: 253
createElmerOutput, id: 253
start com_barycoords, id: 181
start com_baryVolumeElements, id: 181
createElmerOutput, id: 181
start com_barycoords, id: 32
start com_baryVolumeElements, id: 32
createElmerOutput, id: 32
start com_barycoords, id: 219
start com_baryVolumeElements, id: 219
createElmerOutput, id: 219
start com_barycoords, id: 177
start com_baryVolumeElements, id: 177
createElmerOutput, id: 177
start com_barycoords, id: 232
start com_baryVolumeElements, id: 232
createElmerOutput, id: 232
start com_barycoords, id: 238
start com_baryVolumeElements, id: 238
createElmerOutput, id: 238
start com_barycoords, id: 148
start com_baryVolumeElements, id: 148
createElmerOutput, id: 148
start com_barycoords, id: 78
start com_baryVolumeElements, id: 78
createElmerOutput, id: 78
start com_barycoords, id: 73
start com_baryVolumeElements, id: 73
createElmerOutput, id: 73
start com_barycoords, id: 125
start com_baryVolumeElements, id: 125
createElmerOutput, id: 125
start com_barycoords, id: 26
start com_baryVolumeElements, id: 26
createElmerOutput, id: 26
start com_barycoords, id: 146
start com_baryVolumeElements, id: 146
createElmerOutput, id: 146
start com_barycoords, id: 160
start com_baryVolumeElements, id: 160
createElmerOutput, id: 160
start com_barycoords, id: 151
start com_baryVolumeElements, id: 151
createElmerOutput, id: 151
start com_barycoords, id: 152
start com_baryVolumeElements, id: 152
createElmerOutput, id: 152
start com_barycoords, id: 47
start com_baryVolumeElements, id: 47
createElmerOutput, id: 47
start com_barycoords, id: 192
start com_baryVolumeElements, id: 192
createElmerOutput, id: 192
start com_barycoords, id: 102
start com_baryVolumeElements, id: 102
createElmerOutput, id: 102
start com_barycoords, id: 215
start com_baryVolumeElements, id: 215
createElmerOutput, id: 215
start com_barycoords, id: 242
start com_baryVolumeElements, id: 242
createElmerOutput, id: 242
start com_barycoords, id: 236
start com_baryVolumeElements, id: 236
createElmerOutput, id: 236
start com_barycoords, id: 128
start com_baryVolumeElements, id: 128
createElmerOutput, id: 128
start com_barycoords, id: 123
start com_baryVolumeElements, id: 123
createElmerOutput, id: 123
start com_barycoords, id: 117
start com_baryVolumeElements, id: 117
createElmerOutput, id: 117
start com_barycoords, id: 28
start com_baryVolumeElements, id: 28
createElmerOutput, id: 28
start com_barycoords, id: 60
start com_baryVolumeElements, id: 60
createElmerOutput, id: 60
start com_barycoords, id: 139
start com_baryVolumeElements, id: 139
createElmerOutput, id: 139
start com_barycoords, id: 97
start com_baryVolumeElements, id: 97
createElmerOutput, id: 97
start com_barycoords, id: 176
start com_baryVolumeElements, id: 176
createElmerOutput, id: 176
start com_barycoords, id: 88
start com_baryVolumeElements, id: 88
createElmerOutput, id: 88
start com_barycoords, id: 149
start com_baryVolumeElements, id: 149
createElmerOutput, id: 149
start com_barycoords, id: 191
start com_baryVolumeElements, id: 191
createElmerOutput, id: 191
start com_barycoords, id: 18
start com_baryVolumeElements, id: 18
createElmerOutput, id: 18
start com_barycoords, id: 54
start com_baryVolumeElements, id: 54
createElmerOutput, id: 54
start com_barycoords, id: 1
start com_baryVolumeElements, id: 1
createElmerOutput, id: 1
start com_barycoords, id: 224
start com_baryVolumeElements, id: 224
createElmerOutput, id: 224
start com_barycoords, id: 111
start com_baryVolumeElements, id: 111
createElmerOutput, id: 111
start com_barycoords, id: 132
start com_baryVolumeElements, id: 132
createElmerOutput, id: 132
start com_barycoords, id: 168
start com_baryVolumeElements, id: 168
createElmerOutput, id: 168
start com_barycoords, id: 81
start com_baryVolumeElements, id: 81
createElmerOutput, id: 81
start com_barycoords, id: 9
start com_baryVolumeElements, id: 9
createElmerOutput, id: 9
start com_barycoords, id: 189
start com_baryVolumeElements, id: 189
createElmerOutput, id: 189
start com_barycoords, id: 69
start com_baryVolumeElements, id: 69
createElmerOutput, id: 69
start com_barycoords, id: 3
start com_baryVolumeElements, id: 3
createElmerOutput, id: 3
start com_barycoords, id: 22
start com_baryVolumeElements, id: 22
createElmerOutput, id: 22
start com_barycoords, id: 17
start com_baryVolumeElements, id: 17
createElmerOutput, id: 17
start com_barycoords, id: 58
start com_baryVolumeElements, id: 58
createElmerOutput, id: 58
start com_barycoords, id: 100
start com_baryVolumeElements, id: 100
createElmerOutput, id: 100
start com_barycoords, id: 161
start com_baryVolumeElements, id: 161
createElmerOutput, id: 161
start com_barycoords, id: 53
start com_baryVolumeElements, id: 53
createElmerOutput, id: 53
start com_barycoords, id: 101
start com_baryVolumeElements, id: 101
createElmerOutput, id: 101
start com_barycoords, id: 39
start com_baryVolumeElements, id: 39
createElmerOutput, id: 39
start com_barycoords, id: 195
start com_baryVolumeElements, id: 195
createElmerOutput, id: 195
start com_barycoords, id: 114
start com_baryVolumeElements, id: 114
createElmerOutput, id: 114
start com_barycoords, id: 165
start com_baryVolumeElements, id: 165
createElmerOutput, id: 165
start com_barycoords, id: 209
start com_baryVolumeElements, id: 209
createElmerOutput, id: 209
start com_barycoords, id: 210
start com_baryVolumeElements, id: 210
createElmerOutput, id: 210
start com_barycoords, id: 228
start com_baryVolumeElements, id: 228
createElmerOutput, id: 228
start com_barycoords, id: 246
start com_baryVolumeElements, id: 246
createElmerOutput, id: 246
start com_barycoords, id: 187
start com_baryVolumeElements, id: 187
createElmerOutput, id: 187
start com_barycoords, id: 19
start com_baryVolumeElements, id: 19
createElmerOutput, id: 19
start com_barycoords, id: 14
start com_baryVolumeElements, id: 14
createElmerOutput, id: 14
start com_barycoords, id: 225
start com_baryVolumeElements, id: 225
createElmerOutput, id: 225
start com_barycoords, id: 135
start com_baryVolumeElements, id: 135
createElmerOutput, id: 135
start com_barycoords, id: 174
start com_baryVolumeElements, id: 174
createElmerOutput, id: 174
start com_barycoords, id: 56
start com_baryVolumeElements, id: 56
createElmerOutput, id: 56
start com_barycoords, id: 171
start com_baryVolumeElements, id: 171
createElmerOutput, id: 171
start com_barycoords, id: 106
start com_baryVolumeElements, id: 106
createElmerOutput, id: 106
start com_barycoords, id: 185
start com_baryVolumeElements, id: 185
createElmerOutput, id: 185
start com_barycoords, id: 119
start com_baryVolumeElements, id: 119
createElmerOutput, id: 119
start com_barycoords, id: 67
start com_baryVolumeElements, id: 67
createElmerOutput, id: 67
start com_barycoords, id: 98
start com_baryVolumeElements, id: 98
createElmerOutput, id: 98
start com_barycoords, id: 173
start com_baryVolumeElements, id: 173
createElmerOutput, id: 173
start com_barycoords, id: 40
start com_baryVolumeElements, id: 40
createElmerOutput, id: 40
start com_barycoords, id: 196
start com_baryVolumeElements, id: 196
createElmerOutput, id: 196
start com_barycoords, id: 202
start com_baryVolumeElements, id: 202
createElmerOutput, id: 202
start com_barycoords, id: 45
start com_baryVolumeElements, id: 45
createElmerOutput, id: 45
start com_barycoords, id: 234
start com_baryVolumeElements, id: 234
createElmerOutput, id: 234
start com_barycoords, id: 110
start com_baryVolumeElements, id: 110
createElmerOutput, id: 110
start com_barycoords, id: 226
start com_baryVolumeElements, id: 226
createElmerOutput, id: 226
start com_barycoords, id: 172
start com_baryVolumeElements, id: 172
createElmerOutput, id: 172
start com_barycoords, id: 126
start com_baryVolumeElements, id: 126
createElmerOutput, id: 126
start com_barycoords, id: 162
start com_baryVolumeElements, id: 162
createElmerOutput, id: 162
start com_barycoords, id: 103
start com_baryVolumeElements, id: 103
createElmerOutput, id: 103
start com_barycoords, id: 61
start com_baryVolumeElements, id: 61
createElmerOutput, id: 61
start com_barycoords, id: 87
start com_baryVolumeElements, id: 87
createElmerOutput, id: 87
start com_barycoords, id: 137
start com_baryVolumeElements, id: 137
createElmerOutput, id: 137
start com_barycoords, id: 42
start com_baryVolumeElements, id: 42
createElmerOutput, id: 42
start com_barycoords, id: 37
start com_baryVolumeElements, id: 37
createElmerOutput, id: 37
start com_barycoords, id: 94
start com_baryVolumeElements, id: 94
createElmerOutput, id: 94
start com_barycoords, id: 46
start com_baryVolumeElements, id: 46
createElmerOutput, id: 46
start com_barycoords, id: 41
start com_baryVolumeElements, id: 41
createElmerOutput, id: 41
start com_barycoords, id: 23
start com_baryVolumeElements, id: 23
createElmerOutput, id: 23
start com_barycoords, id: 12
start com_baryVolumeElements, id: 12
createElmerOutput, id: 12
start com_barycoords, id: 96
start com_baryVolumeElements, id: 96
createElmerOutput, id: 96
start com_barycoords, id: 252
start com_baryVolumeElements, id: 252
createElmerOutput, id: 252
start com_barycoords, id: 122
start com_baryVolumeElements, id: 122
createElmerOutput, id: 122
start com_barycoords, id: 255
start com_baryVolumeElements, id: 255
createElmerOutput, id: 255
start com_barycoords, id: 7
start com_baryVolumeElements, id: 7
createElmerOutput, id: 7
start com_barycoords, id: 20
start com_baryVolumeElements, id: 20
createElmerOutput, id: 20
start com_barycoords, id: 170
start com_baryVolumeElements, id: 170
createElmerOutput, id: 170
start com_barycoords, id: 8
start com_baryVolumeElements, id: 8
createElmerOutput, id: 8
start com_barycoords, id: 190
start com_baryVolumeElements, id: 190
createElmerOutput, id: 190
start com_barycoords, id: 131
start com_baryVolumeElements, id: 131
createElmerOutput, id: 131
start com_barycoords, id: 120
start com_baryVolumeElements, id: 120
createElmerOutput, id: 120
start com_barycoords, id: 95
start com_baryVolumeElements, id: 95
createElmerOutput, id: 95
start com_barycoords, id: 30
start com_baryVolumeElements, id: 30
createElmerOutput, id: 30
start com_barycoords, id: 193
start com_baryVolumeElements, id: 193
createElmerOutput, id: 193
start com_barycoords, id: 200
start com_baryVolumeElements, id: 200
createElmerOutput, id: 200
start com_barycoords, id: 223
start com_baryVolumeElements, id: 223
createElmerOutput, id: 223
start com_barycoords, id: 213
start com_baryVolumeElements, id: 213
createElmerOutput, id: 213
start com_barycoords, id: 142
start com_baryVolumeElements, id: 142
createElmerOutput, id: 142
start com_barycoords, id: 175
start com_baryVolumeElements, id: 175
createElmerOutput, id: 175
start com_barycoords, id: 80
start com_baryVolumeElements, id: 80
createElmerOutput, id: 80
start com_barycoords, id: 164
start com_baryVolumeElements, id: 164
createElmerOutput, id: 164
start com_barycoords, id: 6
start com_baryVolumeElements, id: 6
createElmerOutput, id: 6
start com_barycoords, id: 150
start com_baryVolumeElements, id: 150
createElmerOutput, id: 150
start com_barycoords, id: 51
start com_baryVolumeElements, id: 51
createElmerOutput, id: 51
start com_barycoords, id: 211
start com_baryVolumeElements, id: 211
createElmerOutput, id: 211
start com_barycoords, id: 248
start com_baryVolumeElements, id: 248
createElmerOutput, id: 248
start com_barycoords, id: 138
start com_baryVolumeElements, id: 138
createElmerOutput, id: 138
start com_barycoords, id: 115
start com_baryVolumeElements, id: 115
createElmerOutput, id: 115
start com_barycoords, id: 2
start com_baryVolumeElements, id: 2
createElmerOutput, id: 2
start com_barycoords, id: 10
start com_baryVolumeElements, id: 10
createElmerOutput, id: 10
start com_barycoords, id: 44
start com_baryVolumeElements, id: 44
createElmerOutput, id: 44
start com_barycoords, id: 75
start com_baryVolumeElements, id: 75
createElmerOutput, id: 75
start com_barycoords, id: 201
start com_baryVolumeElements, id: 201
createElmerOutput, id: 201
start com_barycoords, id: 43
start com_baryVolumeElements, id: 43
createElmerOutput, id: 43
start com_barycoords, id: 233
start com_baryVolumeElements, id: 233
createElmerOutput, id: 233
start com_barycoords, id: 239
start com_baryVolumeElements, id: 239
createElmerOutput, id: 239
start com_barycoords, id: 216
start com_baryVolumeElements, id: 216
createElmerOutput, id: 216
start com_barycoords, id: 127
start com_baryVolumeElements, id: 127
createElmerOutput, id: 127
start com_barycoords, id: 50
start com_baryVolumeElements, id: 50
createElmerOutput, id: 50
start com_barycoords, id: 48
start com_baryVolumeElements, id: 48
createElmerOutput, id: 48
start com_barycoords, id: 72
start com_baryVolumeElements, id: 72
createElmerOutput, id: 72
start com_barycoords, id: 158
start com_baryVolumeElements, id: 158
createElmerOutput, id: 158
start com_barycoords, id: 221
start com_baryVolumeElements, id: 221
createElmerOutput, id: 221
start com_barycoords, id: 169
start com_baryVolumeElements, id: 169
createElmerOutput, id: 169
start com_barycoords, id: 57
start com_baryVolumeElements, id: 57
createElmerOutput, id: 57
start com_barycoords, id: 49
start com_baryVolumeElements, id: 49
createElmerOutput, id: 49
[RUN] processes=256 nodes=256 repeat=2/3
========参数========
使用核数 : 256
输出文件目录 : /vol8/home/hnu_lhz/cjz/NETGEN/test_code_expansion/strong_scaling_results/strong_scaling_core_cache_l2_r2_20260811-153051/application_output/p00256/repeat_02/
输入文件目录 : /vol8/home/hnu_lhz/cjz/NETGEN/test_code_expansion/inputData/wholewall3solid.STEP
细化等级 : 2
细化次数 : 2
网格最大值:1000
网格最小值:0
强扩展分析 : 开启
分析结果目录 : /vol8/home/hnu_lhz/cjz/NETGEN/test_code_expansion/strong_scaling_results
实验名称 : strong_scaling_core_cache_l2_r2_20260811-153051
重复编号 : 2
仅核心算法 : 是
硬件缓存计数 : 请求
Successfully loaded STEP File: /vol8/home/hnu_lhz/cjz/NETGEN/test_code_expansion/inputData/wholewall3solid.STEP
Setting Local Mesh size.....
OCC Mesh Pointer before call = 0x1ef26390
Local Mesh size successfully set.....
OCC Mesh Pointer after call = 0x1ef26390
Creating Edge Mesh.....
Edge Mesh successfully created.....
Number of points = 3031
Creating Surface Mesh.....
Surface Mesh successfully created.....
Number of points = 6347
Number of surface elements = 12694
Creating Volume Mesh.....
Volume Mesh successfully created.....
Number of points = 8067
Number of volume elements = 26411
Generate Coarse Mesh Done...
id0 sum runtime is :0s
meshing done 
start com_barycoords, id: 0
start com_baryVolumeElements, id: 0
createElmerOutput, id: 0
successful!!!
[PROFILE] results written to /vol8/home/hnu_lhz/cjz/NETGEN/test_code_expansion/strong_scaling_results/strong_scaling_core_cache_l2_r2_20260811-153051/p00256/repeat_02_20260811-153443
start com_barycoords, id: 178
start com_baryVolumeElements, id: 178
createElmerOutput, id: 178
start com_barycoords, id: 159
start com_baryVolumeElements, id: 159
createElmerOutput, id: 159
start com_barycoords, id: 212
start com_baryVolumeElements, id: 212
createElmerOutput, id: 212
start com_barycoords, id: 218
start com_baryVolumeElements, id: 218
createElmerOutput, id: 218
start com_barycoords, id: 154
start com_baryVolumeElements, id: 154
createElmerOutput, id: 154
start com_barycoords, id: 229
start com_baryVolumeElements, id: 229
createElmerOutput, id: 229
start com_barycoords, id: 230
start com_baryVolumeElements, id: 230
createElmerOutput, id: 230
start com_barycoords, id: 186
start com_baryVolumeElements, id: 186
createElmerOutput, id: 186
start com_barycoords, id: 181
start com_baryVolumeElements, id: 181
createElmerOutput, id: 181
start com_barycoords, id: 254
start com_baryVolumeElements, id: 254
createElmerOutput, id: 254
start com_barycoords, id: 184
start com_baryVolumeElements, id: 184
createElmerOutput, id: 184
start com_barycoords, id: 204
start com_baryVolumeElements, id: 204
createElmerOutput, id: 204
start com_barycoords, id: 167
start com_baryVolumeElements, id: 167
createElmerOutput, id: 167
start com_barycoords, id: 222
start com_baryVolumeElements, id: 222
createElmerOutput, id: 222
start com_barycoords, id: 194
start com_baryVolumeElements, id: 194
createElmerOutput, id: 194
start com_barycoords, id: 163
start com_baryVolumeElements, id: 163
createElmerOutput, id: 163
start com_barycoords, id: 247
start com_baryVolumeElements, id: 247
createElmerOutput, id: 247
start com_barycoords, id: 207
start com_baryVolumeElements, id: 207
createElmerOutput, id: 207
start com_barycoords, id: 253
start com_baryVolumeElements, id: 253
createElmerOutput, id: 253
start com_barycoords, id: 197
start com_baryVolumeElements, id: 197
createElmerOutput, id: 197
start com_barycoords, id: 32
start com_baryVolumeElements, id: 32
createElmerOutput, id: 32
start com_barycoords, id: 231
start com_baryVolumeElements, id: 231
createElmerOutput, id: 231
start com_barycoords, id: 206
start com_baryVolumeElements, id: 206
createElmerOutput, id: 206
start com_barycoords, id: 177
start com_baryVolumeElements, id: 177
createElmerOutput, id: 177
start com_barycoords, id: 26
start com_baryVolumeElements, id: 26
createElmerOutput, id: 26
start com_barycoords, id: 28
start com_baryVolumeElements, id: 28
createElmerOutput, id: 28
start com_barycoords, id: 192
start com_baryVolumeElements, id: 192
createElmerOutput, id: 192
start com_barycoords, id: 155
start com_baryVolumeElements, id: 155
createElmerOutput, id: 155
start com_barycoords, id: 199
start com_baryVolumeElements, id: 199
createElmerOutput, id: 199
start com_barycoords, id: 176
start com_baryVolumeElements, id: 176
createElmerOutput, id: 176
start com_barycoords, id: 152
start com_baryVolumeElements, id: 152
createElmerOutput, id: 152
start com_barycoords, id: 240
start com_baryVolumeElements, id: 240
createElmerOutput, id: 240
start com_barycoords, id: 241
start com_baryVolumeElements, id: 241
createElmerOutput, id: 241
start com_barycoords, id: 188
start com_baryVolumeElements, id: 188
createElmerOutput, id: 188
start com_barycoords, id: 189
start com_baryVolumeElements, id: 189
createElmerOutput, id: 189
start com_barycoords, id: 220
start com_baryVolumeElements, id: 220
createElmerOutput, id: 220
start com_barycoords, id: 232
start com_baryVolumeElements, id: 232
createElmerOutput, id: 232
start com_barycoords, id: 219
start com_baryVolumeElements, id: 219
createElmerOutput, id: 219
start com_barycoords, id: 195
start com_baryVolumeElements, id: 195
createElmerOutput, id: 195
start com_barycoords, id: 187
start com_baryVolumeElements, id: 187
createElmerOutput, id: 187
start com_barycoords, id: 236
start com_baryVolumeElements, id: 236
createElmerOutput, id: 236
start com_barycoords, id: 18
start com_baryVolumeElements, id: 18
createElmerOutput, id: 18
start com_barycoords, id: 22
start com_baryVolumeElements, id: 22
createElmerOutput, id: 22
start com_barycoords, id: 58
start com_baryVolumeElements, id: 58
createElmerOutput, id: 58
start com_barycoords, id: 185
start com_baryVolumeElements, id: 185
createElmerOutput, id: 185
start com_barycoords, id: 161
start com_baryVolumeElements, id: 161
createElmerOutput, id: 161
start com_barycoords, id: 172
start com_baryVolumeElements, id: 172
createElmerOutput, id: 172
start com_barycoords, id: 165
start com_baryVolumeElements, id: 165
createElmerOutput, id: 165
start com_barycoords, id: 171
start com_baryVolumeElements, id: 171
createElmerOutput, id: 171
start com_barycoords, id: 210
start com_baryVolumeElements, id: 210
createElmerOutput, id: 210
start com_barycoords, id: 224
start com_baryVolumeElements, id: 224
createElmerOutput, id: 224
start com_barycoords, id: 61
start com_baryVolumeElements, id: 61
createElmerOutput, id: 61
start com_barycoords, id: 14
start com_baryVolumeElements, id: 14
createElmerOutput, id: 14
start com_barycoords, id: 39
start com_baryVolumeElements, id: 39
createElmerOutput, id: 39
start com_barycoords, id: 246
start com_baryVolumeElements, id: 246
createElmerOutput, id: 246
start com_barycoords, id: 209
start com_baryVolumeElements, id: 209
createElmerOutput, id: 209
start com_barycoords, id: 168
start com_baryVolumeElements, id: 168
createElmerOutput, id: 168
start com_barycoords, id: 19
start com_baryVolumeElements, id: 19
createElmerOutput, id: 19
start com_barycoords, id: 53
start com_baryVolumeElements, id: 53
createElmerOutput, id: 53
start com_barycoords, id: 41
start com_baryVolumeElements, id: 41
createElmerOutput, id: 41
start com_barycoords, id: 42
start com_baryVolumeElements, id: 42
createElmerOutput, id: 42
start com_barycoords, id: 225
start com_baryVolumeElements, id: 225
createElmerOutput, id: 225
start com_barycoords, id: 202
start com_baryVolumeElements, id: 202
createElmerOutput, id: 202
start com_barycoords, id: 40
start com_baryVolumeElements, id: 40
createElmerOutput, id: 40
start com_barycoords, id: 228
start com_baryVolumeElements, id: 228
createElmerOutput, id: 228
start com_barycoords, id: 226
start com_baryVolumeElements, id: 226
createElmerOutput, id: 226
start com_barycoords, id: 175
start com_baryVolumeElements, id: 175
createElmerOutput, id: 175
start com_barycoords, id: 173
start com_baryVolumeElements, id: 173
createElmerOutput, id: 173
start com_barycoords, id: 45
start com_baryVolumeElements, id: 45
createElmerOutput, id: 45
start com_barycoords, id: 56
start com_baryVolumeElements, id: 56
createElmerOutput, id: 56
start com_barycoords, id: 8
start com_baryVolumeElements, id: 8
createElmerOutput, id: 8
start com_barycoords, id: 67
start com_baryVolumeElements, id: 67
createElmerOutput, id: 67
start com_barycoords, id: 234
start com_baryVolumeElements, id: 234
createElmerOutput, id: 234
start com_barycoords, id: 170
start com_baryVolumeElements, id: 170
createElmerOutput, id: 170
start com_barycoords, id: 174
start com_baryVolumeElements, id: 174
createElmerOutput, id: 174
start com_barycoords, id: 46
start com_baryVolumeElements, id: 46
createElmerOutput, id: 46
start com_barycoords, id: 196
start com_baryVolumeElements, id: 196
createElmerOutput, id: 196
start com_barycoords, id: 20
start com_baryVolumeElements, id: 20
createElmerOutput, id: 20
start com_barycoords, id: 23
start com_baryVolumeElements, id: 23
createElmerOutput, id: 23
start com_barycoords, id: 29
start com_baryVolumeElements, id: 29
createElmerOutput, id: 29
start com_barycoords, id: 213
start com_baryVolumeElements, id: 213
createElmerOutput, id: 213
start com_barycoords, id: 21
start com_baryVolumeElements, id: 21
createElmerOutput, id: 21
start com_barycoords, id: 6
start com_baryVolumeElements, id: 6
createElmerOutput, id: 6
start com_barycoords, id: 12
start com_baryVolumeElements, id: 12
createElmerOutput, id: 12
start com_barycoords, id: 252
start com_baryVolumeElements, id: 252
createElmerOutput, id: 252
start com_barycoords, id: 51
start com_baryVolumeElements, id: 51
createElmerOutput, id: 51
start com_barycoords, id: 193
start com_baryVolumeElements, id: 193
createElmerOutput, id: 193
start com_barycoords, id: 30
start com_baryVolumeElements, id: 30
createElmerOutput, id: 30
start com_barycoords, id: 7
start com_baryVolumeElements, id: 7
createElmerOutput, id: 7
start com_barycoords, id: 162
start com_baryVolumeElements, id: 162
createElmerOutput, id: 162
start com_barycoords, id: 156
start com_baryVolumeElements, id: 156
createElmerOutput, id: 156
start com_barycoords, id: 223
start com_baryVolumeElements, id: 223
createElmerOutput, id: 223
start com_barycoords, id: 233
start com_baryVolumeElements, id: 233
createElmerOutput, id: 233
start com_barycoords, id: 86
start com_baryVolumeElements, id: 86
createElmerOutput, id: 86
start com_barycoords, id: 164
start com_baryVolumeElements, id: 164
createElmerOutput, id: 164
start com_barycoords, id: 75
start com_baryVolumeElements, id: 75
createElmerOutput, id: 75
start com_barycoords, id: 16
start com_baryVolumeElements, id: 16
createElmerOutput, id: 16
start com_barycoords, id: 2
start com_baryVolumeElements, id: 2
createElmerOutput, id: 2
start com_barycoords, id: 43
start com_baryVolumeElements, id: 43
createElmerOutput, id: 43
start com_barycoords, id: 255
start com_baryVolumeElements, id: 255
createElmerOutput, id: 255
start com_barycoords, id: 249
start com_baryVolumeElements, id: 249
createElmerOutput, id: 249
start com_barycoords, id: 80
start com_baryVolumeElements, id: 80
createElmerOutput, id: 80
start com_barycoords, id: 90
start com_baryVolumeElements, id: 90
createElmerOutput, id: 90
start com_barycoords, id: 24
start com_baryVolumeElements, id: 24
createElmerOutput, id: 24
start com_barycoords, id: 66
start com_baryVolumeElements, id: 66
createElmerOutput, id: 66
start com_barycoords, id: 50
start com_baryVolumeElements, id: 50
createElmerOutput, id: 50
start com_barycoords, id: 203
start com_baryVolumeElements, id: 203
createElmerOutput, id: 203
start com_barycoords, id: 200
start com_baryVolumeElements, id: 200
createElmerOutput, id: 200
start com_barycoords, id: 250
start com_baryVolumeElements, id: 250
createElmerOutput, id: 250
start com_barycoords, id: 179
start com_baryVolumeElements, id: 179
createElmerOutput, id: 179
start com_barycoords, id: 5
start com_baryVolumeElements, id: 5
createElmerOutput, id: 5
start com_barycoords, id: 48
start com_baryVolumeElements, id: 48
createElmerOutput, id: 48
start com_barycoords, id: 38
start com_baryVolumeElements, id: 38
createElmerOutput, id: 38
start com_barycoords, id: 201
start com_baryVolumeElements, id: 201
createElmerOutput, id: 201
start com_barycoords, id: 10
start com_baryVolumeElements, id: 10
createElmerOutput, id: 10
start com_barycoords, id: 221
start com_baryVolumeElements, id: 221
createElmerOutput, id: 221
start com_barycoords, id: 91
start com_baryVolumeElements, id: 91
createElmerOutput, id: 91
start com_barycoords, id: 166
start com_baryVolumeElements, id: 166
createElmerOutput, id: 166
start com_barycoords, id: 72
start com_baryVolumeElements, id: 72
createElmerOutput, id: 72
start com_barycoords, id: 158
start com_baryVolumeElements, id: 158
createElmerOutput, id: 158
start com_barycoords, id: 160
start com_baryVolumeElements, id: 160
createElmerOutput, id: 160
start com_barycoords, id: 140
start com_baryVolumeElements, id: 140
createElmerOutput, id: 140
start com_barycoords, id: 216
start com_baryVolumeElements, id: 216
createElmerOutput, id: 216
start com_barycoords, id: 211
start com_baryVolumeElements, id: 211
createElmerOutput, id: 211
start com_barycoords, id: 248
start com_baryVolumeElements, id: 248
createElmerOutput, id: 248
start com_barycoords, id: 62
start com_baryVolumeElements, id: 62
createElmerOutput, id: 62
start com_barycoords, id: 239
start com_baryVolumeElements, id: 239
createElmerOutput, id: 239
start com_barycoords, id: 108
start com_baryVolumeElements, id: 108
createElmerOutput, id: 108
start com_barycoords, id: 35
start com_baryVolumeElements, id: 35
createElmerOutput, id: 35
start com_barycoords, id: 95
start com_baryVolumeElements, id: 95
createElmerOutput, id: 95
start com_barycoords, id: 44
start com_baryVolumeElements, id: 44
createElmerOutput, id: 44
start com_barycoords, id: 112
start com_baryVolumeElements, id: 112
createElmerOutput, id: 112
start com_barycoords, id: 214
start com_baryVolumeElements, id: 214
createElmerOutput, id: 214
start com_barycoords, id: 34
start com_baryVolumeElements, id: 34
createElmerOutput, id: 34
start com_barycoords, id: 237
start com_baryVolumeElements, id: 237
createElmerOutput, id: 237
start com_barycoords, id: 74
start com_baryVolumeElements, id: 74
createElmerOutput, id: 74
start com_barycoords, id: 57
start com_baryVolumeElements, id: 57
createElmerOutput, id: 57
start com_barycoords, id: 49
start com_baryVolumeElements, id: 49
createElmerOutput, id: 49
start com_barycoords, id: 4
start com_baryVolumeElements, id: 4
createElmerOutput, id: 4
start com_barycoords, id: 208
start com_baryVolumeElements, id: 208
createElmerOutput, id: 208
start com_barycoords, id: 76
start com_baryVolumeElements, id: 76
createElmerOutput, id: 76
start com_barycoords, id: 182
start com_baryVolumeElements, id: 182
createElmerOutput, id: 182
start com_barycoords, id: 36
start com_baryVolumeElements, id: 36
createElmerOutput, id: 36
start com_barycoords, id: 235
start com_baryVolumeElements, id: 235
createElmerOutput, id: 235
start com_barycoords, id: 205
start com_baryVolumeElements, id: 205
createElmerOutput, id: 205
start com_barycoords, id: 183
start com_baryVolumeElements, id: 183
createElmerOutput, id: 183
start com_barycoords, id: 83
start com_baryVolumeElements, id: 83
createElmerOutput, id: 83
start com_barycoords, id: 133
start com_baryVolumeElements, id: 133
createElmerOutput, id: 133
start com_barycoords, id: 55
start com_baryVolumeElements, id: 55
createElmerOutput, id: 55
start com_barycoords, id: 243
start com_baryVolumeElements, id: 243
createElmerOutput, id: 243
start com_barycoords, id: 109
start com_baryVolumeElements, id: 109
createElmerOutput, id: 109
start com_barycoords, id: 113
start com_baryVolumeElements, id: 113
createElmerOutput, id: 113
start com_barycoords, id: 70
start com_baryVolumeElements, id: 70
createElmerOutput, id: 70
start com_barycoords, id: 64
start com_baryVolumeElements, id: 64
createElmerOutput, id: 64
start com_barycoords, id: 217
start com_baryVolumeElements, id: 217
createElmerOutput, id: 217
start com_barycoords, id: 11
start com_baryVolumeElements, id: 11
createElmerOutput, id: 11
start com_barycoords, id: 134
start com_baryVolumeElements, id: 134
createElmerOutput, id: 134
start com_barycoords, id: 31
start com_baryVolumeElements, id: 31
createElmerOutput, id: 31
start com_barycoords, id: 77
start com_baryVolumeElements, id: 77
createElmerOutput, id: 77
start com_barycoords, id: 93
start com_baryVolumeElements, id: 93
createElmerOutput, id: 93
start com_barycoords, id: 242
start com_baryVolumeElements, id: 242
createElmerOutput, id: 242
start com_barycoords, id: 238
start com_baryVolumeElements, id: 238
createElmerOutput, id: 238
start com_barycoords, id: 245
start com_baryVolumeElements, id: 245
createElmerOutput, id: 245
start com_barycoords, id: 136
start com_baryVolumeElements, id: 136
createElmerOutput, id: 136
start com_barycoords, id: 84
start com_baryVolumeElements, id: 84
createElmerOutput, id: 84
start com_barycoords, id: 71
start com_baryVolumeElements, id: 71
createElmerOutput, id: 71
start com_barycoords, id: 144
start com_baryVolumeElements, id: 144
createElmerOutput, id: 144
start com_barycoords, id: 141
start com_baryVolumeElements, id: 141
createElmerOutput, id: 141
start com_barycoords, id: 191
start com_baryVolumeElements, id: 191
createElmerOutput, id: 191
start com_barycoords, id: 17
start com_baryVolumeElements, id: 17
createElmerOutput, id: 17
start com_barycoords, id: 92
start com_baryVolumeElements, id: 92
createElmerOutput, id: 92
start com_barycoords, id: 251
start com_baryVolumeElements, id: 251
createElmerOutput, id: 251
start com_barycoords, id: 68
start com_baryVolumeElements, id: 68
createElmerOutput, id: 68
start com_barycoords, id: 116
start com_baryVolumeElements, id: 116
createElmerOutput, id: 116
start com_barycoords, id: 65
start com_baryVolumeElements, id: 65
createElmerOutput, id: 65
start com_barycoords, id: 25
start com_baryVolumeElements, id: 25
createElmerOutput, id: 25
start com_barycoords, id: 3
start com_baryVolumeElements, id: 3
createElmerOutput, id: 3
start com_barycoords, id: 118
start com_baryVolumeElements, id: 118
createElmerOutput, id: 118
start com_barycoords, id: 215
start com_baryVolumeElements, id: 215
createElmerOutput, id: 215
start com_barycoords, id: 124
start com_baryVolumeElements, id: 124
createElmerOutput, id: 124
start com_barycoords, id: 129
start com_baryVolumeElements, id: 129
createElmerOutput, id: 129
start com_barycoords, id: 1
start com_baryVolumeElements, id: 1
createElmerOutput, id: 1
start com_barycoords, id: 52
start com_baryVolumeElements, id: 52
createElmerOutput, id: 52
start com_barycoords, id: 33
start com_baryVolumeElements, id: 33
createElmerOutput, id: 33
start com_barycoords, id: 85
start com_baryVolumeElements, id: 85
createElmerOutput, id: 85
start com_barycoords, id: 143
start com_baryVolumeElements, id: 143
createElmerOutput, id: 143
start com_barycoords, id: 79
start com_baryVolumeElements, id: 79
createElmerOutput, id: 79
start com_barycoords, id: 13
start com_baryVolumeElements, id: 13
createElmerOutput, id: 13
start com_barycoords, id: 125
start com_baryVolumeElements, id: 125
createElmerOutput, id: 125
start com_barycoords, id: 82
start com_baryVolumeElements, id: 82
createElmerOutput, id: 82
start com_barycoords, id: 78
start com_baryVolumeElements, id: 78
createElmerOutput, id: 78
start com_barycoords, id: 73
start com_baryVolumeElements, id: 73
createElmerOutput, id: 73
start com_barycoords, id: 99
start com_baryVolumeElements, id: 99
createElmerOutput, id: 99
start com_barycoords, id: 47
start com_baryVolumeElements, id: 47
createElmerOutput, id: 47
start com_barycoords, id: 151
start com_baryVolumeElements, id: 151
createElmerOutput, id: 151
start com_barycoords, id: 128
start com_baryVolumeElements, id: 128
createElmerOutput, id: 128
start com_barycoords, id: 9
start com_baryVolumeElements, id: 9
createElmerOutput, id: 9
start com_barycoords, id: 27
start com_baryVolumeElements, id: 27
createElmerOutput, id: 27
start com_barycoords, id: 148
start com_baryVolumeElements, id: 148
createElmerOutput, id: 148
start com_barycoords, id: 107
start com_baryVolumeElements, id: 107
createElmerOutput, id: 107
start com_barycoords, id: 244
start com_baryVolumeElements, id: 244
createElmerOutput, id: 244
start com_barycoords, id: 130
start com_baryVolumeElements, id: 130
createElmerOutput, id: 130
start com_barycoords, id: 139
start com_baryVolumeElements, id: 139
createElmerOutput, id: 139
start com_barycoords, id: 89
start com_baryVolumeElements, id: 89
createElmerOutput, id: 89
start com_barycoords, id: 60
start com_baryVolumeElements, id: 60
createElmerOutput, id: 60
start com_barycoords, id: 123
start com_baryVolumeElements, id: 123
createElmerOutput, id: 123
start com_barycoords, id: 37
start com_baryVolumeElements, id: 37
createElmerOutput, id: 37
start com_barycoords, id: 146
start com_baryVolumeElements, id: 146
createElmerOutput, id: 146
start com_barycoords, id: 63
start com_baryVolumeElements, id: 63
createElmerOutput, id: 63
start com_barycoords, id: 102
start com_baryVolumeElements, id: 102
createElmerOutput, id: 102
start com_barycoords, id: 132
start com_baryVolumeElements, id: 132
createElmerOutput, id: 132
start com_barycoords, id: 87
start com_baryVolumeElements, id: 87
createElmerOutput, id: 87
start com_barycoords, id: 111
start com_baryVolumeElements, id: 111
createElmerOutput, id: 111
start com_barycoords, id: 117
start com_baryVolumeElements, id: 117
createElmerOutput, id: 117
start com_barycoords, id: 69
start com_baryVolumeElements, id: 69
createElmerOutput, id: 69
start com_barycoords, id: 190
start com_baryVolumeElements, id: 190
createElmerOutput, id: 190
start com_barycoords, id: 100
start com_baryVolumeElements, id: 100
createElmerOutput, id: 100
start com_barycoords, id: 149
start com_baryVolumeElements, id: 149
createElmerOutput, id: 149
start com_barycoords, id: 105
start com_baryVolumeElements, id: 105
createElmerOutput, id: 105
start com_barycoords, id: 88
start com_baryVolumeElements, id: 88
createElmerOutput, id: 88
start com_barycoords, id: 227
start com_baryVolumeElements, id: 227
createElmerOutput, id: 227
start com_barycoords, id: 137
start com_baryVolumeElements, id: 137
createElmerOutput, id: 137
start com_barycoords, id: 97
start com_baryVolumeElements, id: 97
createElmerOutput, id: 97
start com_barycoords, id: 103
start com_baryVolumeElements, id: 103
createElmerOutput, id: 103
start com_barycoords, id: 106
start com_baryVolumeElements, id: 106
createElmerOutput, id: 106
start com_barycoords, id: 94
start com_baryVolumeElements, id: 94
createElmerOutput, id: 94
start com_barycoords, id: 96
start com_baryVolumeElements, id: 96
createElmerOutput, id: 96
start com_barycoords, id: 114
start com_baryVolumeElements, id: 114
createElmerOutput, id: 114
start com_barycoords, id: 104
start com_baryVolumeElements, id: 104
createElmerOutput, id: 104
start com_barycoords, id: 169
start com_baryVolumeElements, id: 169
createElmerOutput, id: 169
start com_barycoords, id: 110
start com_baryVolumeElements, id: 110
createElmerOutput, id: 110
start com_barycoords, id: 131
start com_baryVolumeElements, id: 131
createElmerOutput, id: 131
start com_barycoords, id: 119
start com_baryVolumeElements, id: 119
createElmerOutput, id: 119
start com_barycoords, id: 126
start com_baryVolumeElements, id: 126
createElmerOutput, id: 126
start com_barycoords, id: 122
start com_baryVolumeElements, id: 122
createElmerOutput, id: 122
start com_barycoords, id: 153
start com_baryVolumeElements, id: 153
createElmerOutput, id: 153
start com_barycoords, id: 180
start com_baryVolumeElements, id: 180
createElmerOutput, id: 180
start com_barycoords, id: 120
start com_baryVolumeElements, id: 120
createElmerOutput, id: 120
start com_barycoords, id: 157
start com_baryVolumeElements, id: 157
createElmerOutput, id: 157
start com_barycoords, id: 150
start com_baryVolumeElements, id: 150
createElmerOutput, id: 150
start com_barycoords, id: 115
start com_baryVolumeElements, id: 115
createElmerOutput, id: 115
start com_barycoords, id: 198
start com_baryVolumeElements, id: 198
createElmerOutput, id: 198
start com_barycoords, id: 127
start com_baryVolumeElements, id: 127
createElmerOutput, id: 127
start com_barycoords, id: 121
start com_baryVolumeElements, id: 121
createElmerOutput, id: 121
start com_barycoords, id: 142
start com_baryVolumeElements, id: 142
createElmerOutput, id: 142
start com_barycoords, id: 54
start com_baryVolumeElements, id: 54
createElmerOutput, id: 54
start com_barycoords, id: 145
start com_baryVolumeElements, id: 145
createElmerOutput, id: 145
start com_barycoords, id: 147
start com_baryVolumeElements, id: 147
createElmerOutput, id: 147
start com_barycoords, id: 15
start com_baryVolumeElements, id: 15
createElmerOutput, id: 15
start com_barycoords, id: 59
start com_baryVolumeElements, id: 59
createElmerOutput, id: 59
start com_barycoords, id: 81
start com_baryVolumeElements, id: 81
createElmerOutput, id: 81
start com_barycoords, id: 101
start com_baryVolumeElements, id: 101
createElmerOutput, id: 101
start com_barycoords, id: 98
start com_baryVolumeElements, id: 98
createElmerOutput, id: 98
start com_barycoords, id: 135
start com_baryVolumeElements, id: 135
createElmerOutput, id: 135
start com_barycoords, id: 138
start com_baryVolumeElements, id: 138
createElmerOutput, id: 138
[RUN] processes=256 nodes=256 repeat=3/3
========参数========
使用核数 : 256
输出文件目录 : /vol8/home/hnu_lhz/cjz/NETGEN/test_code_expansion/strong_scaling_results/strong_scaling_core_cache_l2_r2_20260811-153051/application_output/p00256/repeat_03/
输入文件目录 : /vol8/home/hnu_lhz/cjz/NETGEN/test_code_expansion/inputData/wholewall3solid.STEP
细化等级 : 2
细化次数 : 2
网格最大值:1000
网格最小值:0
强扩展分析 : 开启
分析结果目录 : /vol8/home/hnu_lhz/cjz/NETGEN/test_code_expansion/strong_scaling_results
实验名称 : strong_scaling_core_cache_l2_r2_20260811-153051
重复编号 : 3
仅核心算法 : 是
硬件缓存计数 : 请求
Successfully loaded STEP File: /vol8/home/hnu_lhz/cjz/NETGEN/test_code_expansion/inputData/wholewall3solid.STEP
Setting Local Mesh size.....
OCC Mesh Pointer before call = 0x2290ea80
Local Mesh size successfully set.....
OCC Mesh Pointer after call = 0x2290ea80
Creating Edge Mesh.....
Edge Mesh successfully created.....
Number of points = 3031
Creating Surface Mesh.....
Surface Mesh successfully created.....
Number of points = 6347
Number of surface elements = 12694
Creating Volume Mesh.....
Volume Mesh successfully created.....
Number of points = 8067
Number of volume elements = 26411
Generate Coarse Mesh Done...
id0 sum runtime is :0s
meshing done 
start com_barycoords, id: 0
start com_baryVolumeElements, id: 0
createElmerOutput, id: 0
successful!!!
[PROFILE] results written to /vol8/home/hnu_lhz/cjz/NETGEN/test_code_expansion/strong_scaling_results/strong_scaling_core_cache_l2_r2_20260811-153051/p00256/repeat_03_20260811-153520
start com_barycoords, id: 140
start com_baryVolumeElements, id: 140
createElmerOutput, id: 140
start com_barycoords, id: 74
start com_baryVolumeElements, id: 74
createElmerOutput, id: 74
start com_barycoords, id: 70
start com_baryVolumeElements, id: 70
createElmerOutput, id: 70
start com_barycoords, id: 83
start com_baryVolumeElements, id: 83
createElmerOutput, id: 83
start com_barycoords, id: 49
start com_baryVolumeElements, id: 49
createElmerOutput, id: 49
start com_barycoords, id: 64
start com_baryVolumeElements, id: 64
createElmerOutput, id: 64
start com_barycoords, id: 183
start com_baryVolumeElements, id: 183
createElmerOutput, id: 183
start com_barycoords, id: 121
start com_baryVolumeElements, id: 121
createElmerOutput, id: 121
start com_barycoords, id: 4
start com_baryVolumeElements, id: 4
createElmerOutput, id: 4
start com_barycoords, id: 76
start com_baryVolumeElements, id: 76
createElmerOutput, id: 76
start com_barycoords, id: 77
start com_baryVolumeElements, id: 77
createElmerOutput, id: 77
start com_barycoords, id: 55
start com_baryVolumeElements, id: 55
createElmerOutput, id: 55
start com_barycoords, id: 244
start com_baryVolumeElements, id: 244
createElmerOutput, id: 244
start com_barycoords, id: 11
start com_baryVolumeElements, id: 11
createElmerOutput, id: 11
start com_barycoords, id: 133
start com_baryVolumeElements, id: 133
createElmerOutput, id: 133
start com_barycoords, id: 182
start com_baryVolumeElements, id: 182
createElmerOutput, id: 182
start com_barycoords, id: 136
start com_baryVolumeElements, id: 136
createElmerOutput, id: 136
start com_barycoords, id: 116
start com_baryVolumeElements, id: 116
createElmerOutput, id: 116
start com_barycoords, id: 178
start com_baryVolumeElements, id: 178
createElmerOutput, id: 178
start com_barycoords, id: 186
start com_baryVolumeElements, id: 186
createElmerOutput, id: 186
start com_barycoords, id: 134
start com_baryVolumeElements, id: 134
createElmerOutput, id: 134
start com_barycoords, id: 141
start com_baryVolumeElements, id: 141
createElmerOutput, id: 141
start com_barycoords, id: 105
start com_baryVolumeElements, id: 105
createElmerOutput, id: 105
start com_barycoords, id: 113
start com_baryVolumeElements, id: 113
createElmerOutput, id: 113
start com_barycoords, id: 71
start com_baryVolumeElements, id: 71
createElmerOutput, id: 71
start com_barycoords, id: 144
start com_baryVolumeElements, id: 144
createElmerOutput, id: 144
start com_barycoords, id: 84
start com_baryVolumeElements, id: 84
createElmerOutput, id: 84
start com_barycoords, id: 92
start com_baryVolumeElements, id: 92
createElmerOutput, id: 92
start com_barycoords, id: 154
start com_baryVolumeElements, id: 154
createElmerOutput, id: 154
start com_barycoords, id: 31
start com_baryVolumeElements, id: 31
createElmerOutput, id: 31
start com_barycoords, id: 79
start com_baryVolumeElements, id: 79
createElmerOutput, id: 79
start com_barycoords, id: 68
start com_baryVolumeElements, id: 68
createElmerOutput, id: 68
start com_barycoords, id: 118
start com_baryVolumeElements, id: 118
createElmerOutput, id: 118
start com_barycoords, id: 124
start com_baryVolumeElements, id: 124
createElmerOutput, id: 124
start com_barycoords, id: 65
start com_baryVolumeElements, id: 65
createElmerOutput, id: 65
start com_barycoords, id: 25
start com_baryVolumeElements, id: 25
createElmerOutput, id: 25
start com_barycoords, id: 235
start com_baryVolumeElements, id: 235
createElmerOutput, id: 235
start com_barycoords, id: 218
start com_baryVolumeElements, id: 218
createElmerOutput, id: 218
start com_barycoords, id: 129
start com_baryVolumeElements, id: 129
createElmerOutput, id: 129
start com_barycoords, id: 143
start com_baryVolumeElements, id: 143
createElmerOutput, id: 143
start com_barycoords, id: 59
start com_baryVolumeElements, id: 59
createElmerOutput, id: 59
start com_barycoords, id: 217
start com_baryVolumeElements, id: 217
createElmerOutput, id: 217
start com_barycoords, id: 181
start com_baryVolumeElements, id: 181
createElmerOutput, id: 181
start com_barycoords, id: 163
start com_baryVolumeElements, id: 163
createElmerOutput, id: 163
start com_barycoords, id: 107
start com_baryVolumeElements, id: 107
createElmerOutput, id: 107
start com_barycoords, id: 33
start com_baryVolumeElements, id: 33
createElmerOutput, id: 33
start com_barycoords, id: 243
start com_baryVolumeElements, id: 243
createElmerOutput, id: 243
start com_barycoords, id: 203
start com_baryVolumeElements, id: 203
createElmerOutput, id: 203
start com_barycoords, id: 151
start com_baryVolumeElements, id: 151
createElmerOutput, id: 151
start com_barycoords, id: 229
start com_baryVolumeElements, id: 229
createElmerOutput, id: 229
start com_barycoords, id: 212
start com_baryVolumeElements, id: 212
createElmerOutput, id: 212
start com_barycoords, id: 177
start com_baryVolumeElements, id: 177
createElmerOutput, id: 177
start com_barycoords, id: 85
start com_baryVolumeElements, id: 85
createElmerOutput, id: 85
start com_barycoords, id: 63
start com_baryVolumeElements, id: 63
createElmerOutput, id: 63
start com_barycoords, id: 167
start com_baryVolumeElements, id: 167
createElmerOutput, id: 167
start com_barycoords, id: 52
start com_baryVolumeElements, id: 52
createElmerOutput, id: 52
start com_barycoords, id: 82
start com_baryVolumeElements, id: 82
createElmerOutput, id: 82
start com_barycoords, id: 155
start com_baryVolumeElements, id: 155
createElmerOutput, id: 155
start com_barycoords, id: 28
start com_baryVolumeElements, id: 28
createElmerOutput, id: 28
start com_barycoords, id: 130
start com_baryVolumeElements, id: 130
createElmerOutput, id: 130
start com_barycoords, id: 27
start com_baryVolumeElements, id: 27
createElmerOutput, id: 27
start com_barycoords, id: 128
start com_baryVolumeElements, id: 128
createElmerOutput, id: 128
start com_barycoords, id: 78
start com_baryVolumeElements, id: 78
createElmerOutput, id: 78
start com_barycoords, id: 148
start com_baryVolumeElements, id: 148
createElmerOutput, id: 148
start com_barycoords, id: 47
start com_baryVolumeElements, id: 47
createElmerOutput, id: 47
start com_barycoords, id: 254
start com_baryVolumeElements, id: 254
createElmerOutput, id: 254
start com_barycoords, id: 123
start com_baryVolumeElements, id: 123
createElmerOutput, id: 123
start com_barycoords, id: 192
start com_baryVolumeElements, id: 192
createElmerOutput, id: 192
start com_barycoords, id: 188
start com_baryVolumeElements, id: 188
createElmerOutput, id: 188
start com_barycoords, id: 125
start com_baryVolumeElements, id: 125
createElmerOutput, id: 125
start com_barycoords, id: 32
start com_baryVolumeElements, id: 32
createElmerOutput, id: 32
start com_barycoords, id: 13
start com_baryVolumeElements, id: 13
createElmerOutput, id: 13
start com_barycoords, id: 251
start com_baryVolumeElements, id: 251
createElmerOutput, id: 251
start com_barycoords, id: 73
start com_baryVolumeElements, id: 73
createElmerOutput, id: 73
start com_barycoords, id: 152
start com_baryVolumeElements, id: 152
createElmerOutput, id: 152
start com_barycoords, id: 17
start com_baryVolumeElements, id: 17
createElmerOutput, id: 17
start com_barycoords, id: 222
start com_baryVolumeElements, id: 222
createElmerOutput, id: 222
start com_barycoords, id: 60
start com_baryVolumeElements, id: 60
createElmerOutput, id: 60
start com_barycoords, id: 176
start com_baryVolumeElements, id: 176
createElmerOutput, id: 176
start com_barycoords, id: 189
start com_baryVolumeElements, id: 189
createElmerOutput, id: 189
start com_barycoords, id: 146
start com_baryVolumeElements, id: 146
createElmerOutput, id: 146
start com_barycoords, id: 1
start com_baryVolumeElements, id: 1
createElmerOutput, id: 1
start com_barycoords, id: 18
start com_baryVolumeElements, id: 18
createElmerOutput, id: 18
start com_barycoords, id: 204
start com_baryVolumeElements, id: 204
createElmerOutput, id: 204
start com_barycoords, id: 3
start com_baryVolumeElements, id: 3
createElmerOutput, id: 3
start com_barycoords, id: 207
start com_baryVolumeElements, id: 207
createElmerOutput, id: 207
start com_barycoords, id: 208
start com_baryVolumeElements, id: 208
createElmerOutput, id: 208
start com_barycoords, id: 22
start com_baryVolumeElements, id: 22
createElmerOutput, id: 22
start com_barycoords, id: 160
start com_baryVolumeElements, id: 160
createElmerOutput, id: 160
start com_barycoords, id: 58
start com_baryVolumeElements, id: 58
createElmerOutput, id: 58
start com_barycoords, id: 89
start com_baryVolumeElements, id: 89
createElmerOutput, id: 89
start com_barycoords, id: 54
start com_baryVolumeElements, id: 54
createElmerOutput, id: 54
start com_barycoords, id: 247
start com_baryVolumeElements, id: 247
createElmerOutput, id: 247
start com_barycoords, id: 194
start com_baryVolumeElements, id: 194
createElmerOutput, id: 194
start com_barycoords, id: 111
start com_baryVolumeElements, id: 111
createElmerOutput, id: 111
start com_barycoords, id: 117
start com_baryVolumeElements, id: 117
createElmerOutput, id: 117
start com_barycoords, id: 161
start com_baryVolumeElements, id: 161
createElmerOutput, id: 161
start com_barycoords, id: 231
start com_baryVolumeElements, id: 231
createElmerOutput, id: 231
start com_barycoords, id: 132
start com_baryVolumeElements, id: 132
createElmerOutput, id: 132
start com_barycoords, id: 149
start com_baryVolumeElements, id: 149
createElmerOutput, id: 149
start com_barycoords, id: 41
start com_baryVolumeElements, id: 41
createElmerOutput, id: 41
start com_barycoords, id: 241
start com_baryVolumeElements, id: 241
createElmerOutput, id: 241
start com_barycoords, id: 220
start com_baryVolumeElements, id: 220
createElmerOutput, id: 220
start com_barycoords, id: 69
start com_baryVolumeElements, id: 69
createElmerOutput, id: 69
start com_barycoords, id: 240
start com_baryVolumeElements, id: 240
createElmerOutput, id: 240
start com_barycoords, id: 187
start com_baryVolumeElements, id: 187
createElmerOutput, id: 187
start com_barycoords, id: 45
start com_baryVolumeElements, id: 45
createElmerOutput, id: 45
start com_barycoords, id: 206
start com_baryVolumeElements, id: 206
createElmerOutput, id: 206
start com_barycoords, id: 185
start com_baryVolumeElements, id: 185
createElmerOutput, id: 185
start com_barycoords, id: 171
start com_baryVolumeElements, id: 171
createElmerOutput, id: 171
start com_barycoords, id: 94
start com_baryVolumeElements, id: 94
createElmerOutput, id: 94
start com_barycoords, id: 88
start com_baryVolumeElements, id: 88
createElmerOutput, id: 88
start com_barycoords, id: 253
start com_baryVolumeElements, id: 253
createElmerOutput, id: 253
start com_barycoords, id: 168
start com_baryVolumeElements, id: 168
createElmerOutput, id: 168
start com_barycoords, id: 56
start com_baryVolumeElements, id: 56
createElmerOutput, id: 56
start com_barycoords, id: 172
start com_baryVolumeElements, id: 172
createElmerOutput, id: 172
start com_barycoords, id: 37
start com_baryVolumeElements, id: 37
createElmerOutput, id: 37
start com_barycoords, id: 100
start com_baryVolumeElements, id: 100
createElmerOutput, id: 100
start com_barycoords, id: 165
start com_baryVolumeElements, id: 165
createElmerOutput, id: 165
start com_barycoords, id: 14
start com_baryVolumeElements, id: 14
createElmerOutput, id: 14
start com_barycoords, id: 39
start com_baryVolumeElements, id: 39
createElmerOutput, id: 39
start com_barycoords, id: 106
start com_baryVolumeElements, id: 106
createElmerOutput, id: 106
start com_barycoords, id: 53
start com_baryVolumeElements, id: 53
createElmerOutput, id: 53
start com_barycoords, id: 101
start com_baryVolumeElements, id: 101
createElmerOutput, id: 101
start com_barycoords, id: 42
start com_baryVolumeElements, id: 42
createElmerOutput, id: 42
start com_barycoords, id: 242
start com_baryVolumeElements, id: 242
createElmerOutput, id: 242
start com_barycoords, id: 232
start com_baryVolumeElements, id: 232
createElmerOutput, id: 232
start com_barycoords, id: 61
start com_baryVolumeElements, id: 61
createElmerOutput, id: 61
start com_barycoords, id: 19
start com_baryVolumeElements, id: 19
createElmerOutput, id: 19
start com_barycoords, id: 236
start com_baryVolumeElements, id: 236
createElmerOutput, id: 236
start com_barycoords, id: 219
start com_baryVolumeElements, id: 219
createElmerOutput, id: 219
start com_barycoords, id: 215
start com_baryVolumeElements, id: 215
createElmerOutput, id: 215
start com_barycoords, id: 103
start com_baryVolumeElements, id: 103
createElmerOutput, id: 103
start com_barycoords, id: 173
start com_baryVolumeElements, id: 173
createElmerOutput, id: 173
start com_barycoords, id: 87
start com_baryVolumeElements, id: 87
createElmerOutput, id: 87
start com_barycoords, id: 137
start com_baryVolumeElements, id: 137
createElmerOutput, id: 137
start com_barycoords, id: 114
start com_baryVolumeElements, id: 114
createElmerOutput, id: 114
start com_barycoords, id: 170
start com_baryVolumeElements, id: 170
createElmerOutput, id: 170
start com_barycoords, id: 175
start com_baryVolumeElements, id: 175
createElmerOutput, id: 175
start com_barycoords, id: 20
start com_baryVolumeElements, id: 20
createElmerOutput, id: 20
start com_barycoords, id: 51
start com_baryVolumeElements, id: 51
createElmerOutput, id: 51
start com_barycoords, id: 131
start com_baryVolumeElements, id: 131
createElmerOutput, id: 131
start com_barycoords, id: 174
start com_baryVolumeElements, id: 174
createElmerOutput, id: 174
start com_barycoords, id: 119
start com_baryVolumeElements, id: 119
createElmerOutput, id: 119
start com_barycoords, id: 40
start com_baryVolumeElements, id: 40
createElmerOutput, id: 40
start com_barycoords, id: 8
start com_baryVolumeElements, id: 8
createElmerOutput, id: 8
start com_barycoords, id: 96
start com_baryVolumeElements, id: 96
createElmerOutput, id: 96
start com_barycoords, id: 12
start com_baryVolumeElements, id: 12
createElmerOutput, id: 12
start com_barycoords, id: 110
start com_baryVolumeElements, id: 110
createElmerOutput, id: 110
start com_barycoords, id: 195
start com_baryVolumeElements, id: 195
createElmerOutput, id: 195
start com_barycoords, id: 7
start com_baryVolumeElements, id: 7
createElmerOutput, id: 7
start com_barycoords, id: 21
start com_baryVolumeElements, id: 21
createElmerOutput, id: 21
start com_barycoords, id: 246
start com_baryVolumeElements, id: 246
createElmerOutput, id: 246
start com_barycoords, id: 162
start com_baryVolumeElements, id: 162
createElmerOutput, id: 162
start com_barycoords, id: 29
start com_baryVolumeElements, id: 29
createElmerOutput, id: 29
start com_barycoords, id: 180
start com_baryVolumeElements, id: 180
createElmerOutput, id: 180
start com_barycoords, id: 126
start com_baryVolumeElements, id: 126
createElmerOutput, id: 126
start com_barycoords, id: 150
start com_baryVolumeElements, id: 150
createElmerOutput, id: 150
start com_barycoords, id: 23
start com_baryVolumeElements, id: 23
createElmerOutput, id: 23
start com_barycoords, id: 228
start com_baryVolumeElements, id: 228
createElmerOutput, id: 228
start com_barycoords, id: 225
start com_baryVolumeElements, id: 225
createElmerOutput, id: 225
start com_barycoords, id: 139
start com_baryVolumeElements, id: 139
createElmerOutput, id: 139
start com_barycoords, id: 120
start com_baryVolumeElements, id: 120
createElmerOutput, id: 120
start com_barycoords, id: 30
start com_baryVolumeElements, id: 30
createElmerOutput, id: 30
start com_barycoords, id: 34
start com_baryVolumeElements, id: 34
createElmerOutput, id: 34
start com_barycoords, id: 209
start com_baryVolumeElements, id: 209
createElmerOutput, id: 209
start com_barycoords, id: 6
start com_baryVolumeElements, id: 6
createElmerOutput, id: 6
start com_barycoords, id: 86
start com_baryVolumeElements, id: 86
createElmerOutput, id: 86
start com_barycoords, id: 24
start com_baryVolumeElements, id: 24
createElmerOutput, id: 24
start com_barycoords, id: 202
start com_baryVolumeElements, id: 202
createElmerOutput, id: 202
start com_barycoords, id: 210
start com_baryVolumeElements, id: 210
createElmerOutput, id: 210
start com_barycoords, id: 237
start com_baryVolumeElements, id: 237
createElmerOutput, id: 237
start com_barycoords, id: 142
start com_baryVolumeElements, id: 142
createElmerOutput, id: 142
start com_barycoords, id: 80
start com_baryVolumeElements, id: 80
createElmerOutput, id: 80
start com_barycoords, id: 164
start com_baryVolumeElements, id: 164
createElmerOutput, id: 164
start com_barycoords, id: 10
start com_baryVolumeElements, id: 10
createElmerOutput, id: 10
start com_barycoords, id: 115
start com_baryVolumeElements, id: 115
createElmerOutput, id: 115
start com_barycoords, id: 50
start com_baryVolumeElements, id: 50
createElmerOutput, id: 50
start com_barycoords, id: 127
start com_baryVolumeElements, id: 127
createElmerOutput, id: 127
start com_barycoords, id: 2
start com_baryVolumeElements, id: 2
createElmerOutput, id: 2
start com_barycoords, id: 16
start com_baryVolumeElements, id: 16
createElmerOutput, id: 16
start com_barycoords, id: 196
start com_baryVolumeElements, id: 196
createElmerOutput, id: 196
start com_barycoords, id: 226
start com_baryVolumeElements, id: 226
createElmerOutput, id: 226
start com_barycoords, id: 91
start com_baryVolumeElements, id: 91
createElmerOutput, id: 91
start com_barycoords, id: 104
start com_baryVolumeElements, id: 104
createElmerOutput, id: 104
start com_barycoords, id: 75
start com_baryVolumeElements, id: 75
createElmerOutput, id: 75
start com_barycoords, id: 95
start com_baryVolumeElements, id: 95
createElmerOutput, id: 95
start com_barycoords, id: 234
start com_baryVolumeElements, id: 234
createElmerOutput, id: 234
start com_barycoords, id: 245
start com_baryVolumeElements, id: 245
createElmerOutput, id: 245
start com_barycoords, id: 252
start com_baryVolumeElements, id: 252
createElmerOutput, id: 252
start com_barycoords, id: 179
start com_baryVolumeElements, id: 179
createElmerOutput, id: 179
start com_barycoords, id: 138
start com_baryVolumeElements, id: 138
createElmerOutput, id: 138
start com_barycoords, id: 158
start com_baryVolumeElements, id: 158
createElmerOutput, id: 158
start com_barycoords, id: 90
start com_baryVolumeElements, id: 90
createElmerOutput, id: 90
start com_barycoords, id: 35
start com_baryVolumeElements, id: 35
createElmerOutput, id: 35
start com_barycoords, id: 72
start com_baryVolumeElements, id: 72
createElmerOutput, id: 72
start com_barycoords, id: 166
start com_baryVolumeElements, id: 166
createElmerOutput, id: 166
start com_barycoords, id: 38
start com_baryVolumeElements, id: 38
createElmerOutput, id: 38
start com_barycoords, id: 193
start com_baryVolumeElements, id: 193
createElmerOutput, id: 193
start com_barycoords, id: 108
start com_baryVolumeElements, id: 108
createElmerOutput, id: 108
start com_barycoords, id: 112
start com_baryVolumeElements, id: 112
createElmerOutput, id: 112
start com_barycoords, id: 48
start com_baryVolumeElements, id: 48
createElmerOutput, id: 48
start com_barycoords, id: 145
start com_baryVolumeElements, id: 145
createElmerOutput, id: 145
start com_barycoords, id: 147
start com_baryVolumeElements, id: 147
createElmerOutput, id: 147
start com_barycoords, id: 230
start com_baryVolumeElements, id: 230
createElmerOutput, id: 230
start com_barycoords, id: 213
start com_baryVolumeElements, id: 213
createElmerOutput, id: 213
start com_barycoords, id: 184
start com_baryVolumeElements, id: 184
createElmerOutput, id: 184
start com_barycoords, id: 66
start com_baryVolumeElements, id: 66
createElmerOutput, id: 66
start com_barycoords, id: 255
start com_baryVolumeElements, id: 255
createElmerOutput, id: 255
start com_barycoords, id: 169
start com_baryVolumeElements, id: 169
createElmerOutput, id: 169
start com_barycoords, id: 36
start com_baryVolumeElements, id: 36
createElmerOutput, id: 36
start com_barycoords, id: 223
start com_baryVolumeElements, id: 223
createElmerOutput, id: 223
start com_barycoords, id: 250
start com_baryVolumeElements, id: 250
createElmerOutput, id: 250
start com_barycoords, id: 62
start com_baryVolumeElements, id: 62
createElmerOutput, id: 62
start com_barycoords, id: 15
start com_baryVolumeElements, id: 15
createElmerOutput, id: 15
start com_barycoords, id: 57
start com_baryVolumeElements, id: 57
createElmerOutput, id: 57
start com_barycoords, id: 153
start com_baryVolumeElements, id: 153
createElmerOutput, id: 153
start com_barycoords, id: 157
start com_baryVolumeElements, id: 157
createElmerOutput, id: 157
start com_barycoords, id: 233
start com_baryVolumeElements, id: 233
createElmerOutput, id: 233
start com_barycoords, id: 197
start com_baryVolumeElements, id: 197
createElmerOutput, id: 197
start com_barycoords, id: 249
start com_baryVolumeElements, id: 249
createElmerOutput, id: 249
start com_barycoords, id: 221
start com_baryVolumeElements, id: 221
createElmerOutput, id: 221
start com_barycoords, id: 200
start com_baryVolumeElements, id: 200
createElmerOutput, id: 200
start com_barycoords, id: 109
start com_baryVolumeElements, id: 109
createElmerOutput, id: 109
start com_barycoords, id: 99
start com_baryVolumeElements, id: 99
createElmerOutput, id: 99
start com_barycoords, id: 216
start com_baryVolumeElements, id: 216
createElmerOutput, id: 216
start com_barycoords, id: 93
start com_baryVolumeElements, id: 93
createElmerOutput, id: 93
start com_barycoords, id: 201
start com_baryVolumeElements, id: 201
createElmerOutput, id: 201
start com_barycoords, id: 248
start com_baryVolumeElements, id: 248
createElmerOutput, id: 248
start com_barycoords, id: 199
start com_baryVolumeElements, id: 199
createElmerOutput, id: 199
start com_barycoords, id: 227
start com_baryVolumeElements, id: 227
createElmerOutput, id: 227
start com_barycoords, id: 159
start com_baryVolumeElements, id: 159
createElmerOutput, id: 159
start com_barycoords, id: 214
start com_baryVolumeElements, id: 214
createElmerOutput, id: 214
start com_barycoords, id: 156
start com_baryVolumeElements, id: 156
createElmerOutput, id: 156
start com_barycoords, id: 238
start com_baryVolumeElements, id: 238
createElmerOutput, id: 238
start com_barycoords, id: 239
start com_baryVolumeElements, id: 239
createElmerOutput, id: 239
start com_barycoords, id: 211
start com_baryVolumeElements, id: 211
createElmerOutput, id: 211
start com_barycoords, id: 102
start com_baryVolumeElements, id: 102
createElmerOutput, id: 102
start com_barycoords, id: 191
start com_baryVolumeElements, id: 191
createElmerOutput, id: 191
start com_barycoords, id: 26
start com_baryVolumeElements, id: 26
createElmerOutput, id: 26
start com_barycoords, id: 205
start com_baryVolumeElements, id: 205
createElmerOutput, id: 205
start com_barycoords, id: 198
start com_baryVolumeElements, id: 198
createElmerOutput, id: 198
start com_barycoords, id: 81
start com_baryVolumeElements, id: 81
createElmerOutput, id: 81
start com_barycoords, id: 224
start com_baryVolumeElements, id: 224
createElmerOutput, id: 224
start com_barycoords, id: 97
start com_baryVolumeElements, id: 97
createElmerOutput, id: 97
start com_barycoords, id: 67
start com_baryVolumeElements, id: 67
createElmerOutput, id: 67
start com_barycoords, id: 9
start com_baryVolumeElements, id: 9
createElmerOutput, id: 9
start com_barycoords, id: 135
start com_baryVolumeElements, id: 135
createElmerOutput, id: 135
start com_barycoords, id: 98
start com_baryVolumeElements, id: 98
createElmerOutput, id: 98
start com_barycoords, id: 190
start com_baryVolumeElements, id: 190
createElmerOutput, id: 190
start com_barycoords, id: 122
start com_baryVolumeElements, id: 122
createElmerOutput, id: 122
start com_barycoords, id: 46
start com_baryVolumeElements, id: 46
createElmerOutput, id: 46
start com_barycoords, id: 43
start com_baryVolumeElements, id: 43
createElmerOutput, id: 43
start com_barycoords, id: 5
start com_baryVolumeElements, id: 5
createElmerOutput, id: 5
start com_barycoords, id: 44
start com_baryVolumeElements, id: 44
createElmerOutput, id: 44
[OK] 本作业运行完成；等待其他规模结束后统一分析: /vol8/home/hnu_lhz/cjz/NETGEN/test_code_expansion/strong_scaling_results/strong_scaling_core_cache_l2_r2_20260811-153051
