[ENV-OK] libmpi=/vol8/appsoftware/mpi-x/lib/libmpi.so.12
[ENV-OK] libpmix=/usr/lib/libpmix.so.2
============================================================
Strong scaling (强扩展) run: strong_scaling_core_cache_l2_r2_20260811-153051
Processes: 512; repeats: 3
Result directory: /vol8/home/hnu_lhz/cjz/NETGEN/test_code_expansion/strong_scaling_results/strong_scaling_core_cache_l2_r2_20260811-153051
Environment: /vol8/home/hnu_lhz/cjz/NETGEN/test_code_expansion/strong_scaling_results/strong_scaling_core_cache_l2_r2_20260811-153051/environment/job_5932490_20260811-153849_1101466.txt
============================================================
[RUN] processes=512 nodes=512 repeat=1/3
========参数========
使用核数 : 512
输出文件目录 : /vol8/home/hnu_lhz/cjz/NETGEN/test_code_expansion/strong_scaling_results/strong_scaling_core_cache_l2_r2_20260811-153051/application_output/p00512/repeat_01/
输入文件目录 : /vol8/home/hnu_lhz/cjz/NETGEN/test_code_expansion/inputData/wholewall3solid.STEP
细化等级 : 2
细化次数 : 2
网格最大值:1000
网格最小值:0
强扩展分析 : 开启
分析结果目录 : /vol8/home/hnu_lhz/cjz/NETGEN/test_code_expansion/strong_scaling_results
实验名称 : strong_scaling_core_cache_l2_r2_20260811-153051
重复编号 : 1
仅核心算法 : 是
硬件缓存计数 : 请求
Successfully loaded STEP File: /vol8/home/hnu_lhz/cjz/NETGEN/test_code_expansion/inputData/wholewall3solid.STEP
Setting Local Mesh size.....
OCC Mesh Pointer before call = 0x19cddb70
Local Mesh size successfully set.....
OCC Mesh Pointer after call = 0x19cddb70
Creating Edge Mesh.....
Edge Mesh successfully created.....
Number of points = 3031
Creating Surface Mesh.....
Surface Mesh successfully created.....
Number of points = 6347
Number of surface elements = 12694
Creating Volume Mesh.....
Volume Mesh successfully created.....
Number of points = 8067
Number of volume elements = 26411
Generate Coarse Mesh Done...
id0 sum runtime is :1s
meshing done 
start com_barycoords, id: 0
start com_baryVolumeElements, id: 0
createElmerOutput, id: 0
successful!!!
yhrun: Job step aborted: Waiting up to 302 seconds for job step to finish.
yhrun: got SIGCONT
slurmstepd: error: *** STEP 5932490.0 ON cn4034 CANCELLED AT 2026-08-11T19:45:27 ***
